<html>
<body>
<pre>
<h1>µVision Build Log</h1>
<h2>Project:</h2>
C:\Users\koko\Desktop\TIVA_C_CALCULATOR\TIVAC_Calc.uvproj
Project File Date:  07/20/2021

<h2>Output:</h2>
Rebuild target 'Target 1'
assembling startup_TM4C123.s...
compiling main.c...
compiling Calculations.c...
compiling LCD.c...
LCD.c(124): warning:  #186-D: pointless comparison of unsigned integer with zero
      while(col <=  0x0F && col >= 0x00)
LCD.c(133): warning:  #186-D: pointless comparison of unsigned integer with zero
      while(col <=  0x0F && col >= 0x00)
LCD.c: 2 warnings, 0 errors
compiling Delay.c...
compiling CalculatorBase.c...
compiling Calculator.c...
compiling KeyPad.c...
linking...
Program Size: Code=5988 RO-data=812 RW-data=0 ZI-data=608  
".\TIVAC_Calc.axf" - 0 Error(s), 2 Warning(s).
Load "C:\\Users\\koko\\Desktop\\TIVA_C_CALCULATOR\\TIVAC_Calc.axf" 
Connecting: Mode=JTAG, Speed=1000000Hz
Erase Done.
Programming Done.
Verify OK.
</pre>
</body>
</html>
rget DLL has been cancelled
Load "C:\\Users\\koko\\Desktop\\TIVA_C_CALCULATOR\\TIVAC_Calc.axf" 
Connecting: Mode=JTAG, Speed=1000000Hz
Connection failed!, error code=&d
Error: Flash Download failed  -  Target DLL has been cancelled
Load "C:\\Users\\koko\\Desktop\\TIVA_C_CALCULATOR\\TIVAC_Calc.axf" 
Connecting: Mode=JTAG, Speed=1000000Hz
Connection failed!, error code=&d
Error: Flash Download failed  -  Target DLL has been cancelled
Load "C:\\Users\\koko\\Desktop\\TIVA_C_CALCULATOR\\TIVAC_Calc.axf" 
Connecting: Mode=JTAG, Speed=1000000Hz
Connection failed!, error code=&d
Error: Flash Download failed  -  Target DLL has been cancelled
Load "C:\\Users\\koko\\Desktop\\TIVA_C_CALCULATOR\\TIVAC_Calc.axf" 
Connecting: Mode=JTAG, Speed=1000000Hz
Erase Done.
Programming Done.
Verify OK.
