ARM Linker, 5.03 [Build 76] [MDK-ARM Lite]

==============================================================================

Section Cross References

    startup_tm4c123.o(STACK) refers (Special) to heapauxi.o(.text) for __use_two_region_memory
    startup_tm4c123.o(HEAP) refers (Special) to heapauxi.o(.text) for __use_two_region_memory
    startup_tm4c123.o(RESET) refers (Special) to heapauxi.o(.text) for __use_two_region_memory
    startup_tm4c123.o(RESET) refers to startup_tm4c123.o(STACK) for __initial_sp
    startup_tm4c123.o(RESET) refers to startup_tm4c123.o(.text) for Reset_Handler
    startup_tm4c123.o(.text) refers (Special) to heapauxi.o(.text) for __use_two_region_memory
    startup_tm4c123.o(.text) refers to main.o(.text) for SystemInit
    startup_tm4c123.o(.text) refers to __main.o(!!!main) for __main
    startup_tm4c123.o(.text) refers to startup_tm4c123.o(HEAP) for Heap_Mem
    startup_tm4c123.o(.text) refers to startup_tm4c123.o(STACK) for Stack_Mem
    main.o(.text) refers to calculator.o(.text) for calculator_Init
    main.o(.text) refers to calculatorbase.o(.text) for getStarted
    calculations.o(.text) refers to lcd.o(.text) for LCD_command
    calculations.o(.text) refers to daddsub_clz.o(x$fpl$dadd) for __aeabi_dadd
    calculations.o(.text) refers to daddsub_clz.o(x$fpl$dsub) for __aeabi_dsub
    calculations.o(.text) refers to dmul.o(x$fpl$dmul) for __aeabi_dmul
    calculations.o(.text) refers to ddiv.o(x$fpl$ddiv) for __aeabi_ddiv
    calculations.o(.text) refers to delay.o(.text) for delay_milli
    calculations.o(.text) refers to keypad.o(.text) for getKey
    calculations.o(.text) refers to calculatorbase.o(.text) for memfinalize
    calculations.o(.text) refers to dflt_clz.o(x$fpl$dflt) for __aeabi_i2d
    calculations.o(.text) refers to calculations.o(.data) for result
    calculations.o(.text) refers to calculations.o(.bss) for mem
    lcd.o(.text) refers to _printf_percent.o(.ARM.Collect$$_printf_percent$$00000000) for _printf_percent
    lcd.o(.text) refers to _printf_d.o(.ARM.Collect$$_printf_percent$$00000009) for _printf_d
    lcd.o(.text) refers to _printf_dec.o(.text) for _printf_int_dec
    lcd.o(.text) refers to _printf_f.o(.ARM.Collect$$_printf_percent$$00000003) for _printf_f
    lcd.o(.text) refers to printf1.o(x$fpl$printf1) for _printf_fp_dec
    lcd.o(.text) refers to delay.o(.text) for delay_micro
    lcd.o(.text) refers to __2sprintf.o(.text) for __2sprintf
    lcd.o(.text) refers to __2snprintf.o(.text) for __2snprintf
    lcd.o(.text) refers to h1_alloc.o(.text) for malloc
    lcd.o(.text) refers to h1_free.o(.text) for free
    calculatorbase.o(.text) refers to keypad.o(.text) for getKey
    calculatorbase.o(.text) refers to calculator.o(.text) for menu
    calculatorbase.o(.text) refers to calculations.o(.text) for calculate
    calculatorbase.o(.text) refers to rt_memcpy_w.o(.text) for __aeabi_memcpy4
    calculatorbase.o(.text) refers to dflt_clz.o(x$fpl$dflt) for __aeabi_i2d
    calculatorbase.o(.text) refers to dmul.o(x$fpl$dmul) for __aeabi_dmul
    calculatorbase.o(.text) refers to daddsub_clz.o(x$fpl$dadd) for __aeabi_dadd
    calculatorbase.o(.text) refers to calculatorbase.o(.data) for a
    calculatorbase.o(.text) refers to calculatorbase.o(.constdata) for .constdata
    calculator.o(.text) refers to lcd.o(.text) for LCD_command
    calculator.o(.text) refers to keypad.o(.text) for Init_Keypad
    keypad.o(.text) refers to keypad.o(.data) for values
    malloc.o(.text) refers (Special) to hguard.o(.text) for __heap$guard
    malloc.o(.text) refers (Special) to init_alloc.o(.text) for _init_alloc
    malloc.o(.text) refers to rt_heap_descriptor_intlibspace.o(.text) for __rt_heap_descriptor
    malloc.o(.text) refers to heapstubs.o(.text) for __Heap_Alloc
    free.o(.text) refers (Special) to hguard.o(.text) for __heap$guard
    free.o(.text) refers to rt_heap_descriptor_intlibspace.o(.text) for __rt_heap_descriptor
    free.o(.text) refers to heapstubs.o(.text) for __Heap_Free
    h1_alloc.o(.text) refers (Special) to h1_init.o(.text) for __Heap_Initialize
    h1_alloc.o(.text) refers to rt_heap_descriptor_intlibspace.o(.text) for __rt_heap_descriptor
    h1_alloc.o(.text) refers to init_alloc.o(.text) for __Heap_Full
    h1_free.o(.text) refers to rt_heap_descriptor_intlibspace.o(.text) for __rt_heap_descriptor
    h1_alloc_mt.o(.text) refers (Special) to h1_init.o(.text) for __Heap_Initialize
    h1_alloc_mt.o(.text) refers to init_alloc.o(.text) for __Heap_Full
    h1_alloc_mt.o(.text) refers to rt_heap_descriptor_intlibspace.o(.text) for __rt_heap_descriptor
    h1_free_mt.o(.text) refers to rt_heap_descriptor_intlibspace.o(.text) for __rt_heap_descriptor
    heap2.o(i._FDIterate) refers to heap2.o(.constdata) for .constdata
    heap2.o(i.___Heap_ProvideMemory$realtime) refers to fdtree.o(i._FDTree_Delete) for _FDTree_Delete
    heap2.o(i.___Heap_ProvideMemory$realtime) refers to fdtree.o(i._FDTree_Insert) for _FDTree_Insert
[...]
    bigflt0.o(.text) refers to btod.o(CL$$btod_emul) for _btod_emul
    bigflt0.o(.text) refers to btod.o(CL$$btod_ediv) for _btod_ediv
    bigflt0.o(.text) refers to bigflt0.o(.constdata) for .constdata
    bigflt0.o(.constdata) refers (Special) to usenofp.o(x$fpl$usenofp) for __I$use$fp
    btod.o(CL$$btod_d2e) refers (Special) to usenofp.o(x$fpl$usenofp) for __I$use$fp
    btod.o(CL$$btod_d2e) refers to btod.o(CL$$btod_d2e_norm_op1) for _d2e_norm_op1
    btod.o(CL$$btod_d2e_norm_op1) refers (Special) to usenofp.o(x$fpl$usenofp) for __I$use$fp
    btod.o(CL$$btod_d2e_norm_op1) refers to btod.o(CL$$btod_d2e_denorm_low) for _d2e_denorm_low
    btod.o(CL$$btod_d2e_denorm_low) refers (Special) to usenofp.o(x$fpl$usenofp) for __I$use$fp
    btod.o(CL$$btod_emul) refers (Special) to usenofp.o(x$fpl$usenofp) for __I$use$fp
    btod.o(CL$$btod_emul) refers to btod.o(CL$$btod_mult_common) for __btod_mult_common
    btod.o(CL$$btod_emul) refers to btod.o(CL$$btod_e2e) for _e2e
    btod.o(CL$$btod_ediv) refers (Special) to usenofp.o(x$fpl$usenofp) for __I$use$fp
    btod.o(CL$$btod_ediv) refers to btod.o(CL$$btod_div_common) for __btod_div_common
    btod.o(CL$$btod_ediv) refers to btod.o(CL$$btod_e2e) for _e2e
    btod.o(CL$$btod_emuld) refers (Special) to usenofp.o(x$fpl$usenofp) for __I$use$fp
    btod.o(CL$$btod_emuld) refers to btod.o(CL$$btod_mult_common) for __btod_mult_common
    btod.o(CL$$btod_emuld) refers to btod.o(CL$$btod_e2d) for _e2d
    btod.o(CL$$btod_edivd) refers (Special) to usenofp.o(x$fpl$usenofp) for __I$use$fp
    btod.o(CL$$btod_edivd) refers to btod.o(CL$$btod_div_common) for __btod_div_common
    btod.o(CL$$btod_edivd) refers to btod.o(CL$$btod_e2d) for _e2d
    btod.o(CL$$btod_e2e) refers (Special) to usenofp.o(x$fpl$usenofp) for __I$use$fp
    btod.o(CL$$btod_e2d) refers (Special) to usenofp.o(x$fpl$usenofp) for __I$use$fp
    btod.o(CL$$btod_e2d) refers to btod.o(CL$$btod_e2e) for _e2e
    btod.o(CL$$btod_mult_common) refers (Special) to usenofp.o(x$fpl$usenofp) for __I$use$fp
    btod.o(CL$$btod_div_common) refers (Special) to usenofp.o(x$fpl$usenofp) for __I$use$fp
    lc_numeric_c.o(locale$$data) refers (Special) to libinit2.o(.ARM.Collect$$libinit$$00000014) for __rt_lib_init_lc_numeric_2
    lc_numeric_c.o(locale$$code) refers (Special) to libinit2.o(.ARM.Collect$$libinit$$00000014) for __rt_lib_init_lc_numeric_2
    lc_numeric_c.o(locale$$code) refers to strcmpv7m.o(.text) for strcmp
    lc_numeric_c.o(locale$$code) refers to lc_numeric_c.o(locale$$data) for __lcnum_c_name
    defsig_rtmem_outer.o(.text) refers to defsig_rtmem_inner.o(.text) for __rt_SIGRTMEM_inner
    defsig_rtmem_outer.o(.text) refers to defsig_exit.o(.text) for __sig_exit
    defsig_rtmem_formal.o(.text) refers to rt_raise.o(.text) for __rt_raise
    heapauxa.o(.text) refers to heapauxa.o(.data) for .data
    argv_veneer.o(.emb_text) refers to no_argv.o(.text) for __ARM_get_argv
    istatus.o(x$fpl$ieeestatus) refers (Special) to usenofp.o(x$fpl$usenofp) for __I$use$fp
    fpclassify.o(i.__ARM_fpclassify) refers (Special) to usenofp.o(x$fpl$usenofp) for __I$use$fp
    sys_stackheap_outer.o(.text) refers to libspace.o(.text) for __user_perproc_libspace
    sys_stackheap_outer.o(.text) refers to startup_tm4c123.o(.text) for __user_initial_stackheap
    rt_raise.o(.text) refers to __raise.o(.text) for __raise
    rt_raise.o(.text) refers to sys_exit.o(.text) for _sys_exit
    term_alloc.o(.text) refers (Special) to libshutdown2.o(.ARM.Collect$$libshutdown$$0000000D) for __rt_lib_shutdown_heap_2
    term_alloc.o(.text) refers to rt_heap_descriptor_intlibspace.o(.text) for __rt_heap_descriptor
    term_alloc.o(.text) refers to h1_final.o(.text) for __Heap_Finalize
    exit.o(.text) refers to rtexit.o(.ARM.Collect$$rtexit$$00000000) for __rt_exit
    defsig_exit.o(.text) refers to sys_exit.o(.text) for _sys_exit
    defsig_rtmem_inner.o(.text) refers to defsig_general.o(.text) for __default_signal_display
    _get_argv_nomalloc.o(.text) refers (Special) to hrguard.o(.text) for __heap_region$guard
    _get_argv_nomalloc.o(.text) refers to defsig_rtmem_outer.o(.text) for __rt_SIGRTMEM
    _get_argv_nomalloc.o(.text) refers to sys_command.o(.text) for _sys_command_string
    libinit.o(.ARM.Collect$$libinit$$00000000) refers (Special) to libinit2.o(.ARM.Collect$$libinit$$0000002C) for __rt_lib_init_alloca_1
    libinit.o(.ARM.Collect$$libinit$$00000000) refers (Special) to libinit2.o(.ARM.Collect$$libinit$$0000002A) for __rt_lib_init_argv_1
    libinit.o(.ARM.Collect$$libinit$$00000000) refers (Special) to libinit2.o(.ARM.Collect$$libinit$$00000019) for __rt_lib_init_atexit_1
    libinit.o(.ARM.Collect$$libinit$$00000000) refers (Special) to libinit2.o(.ARM.Collect$$libinit$$0000001F) for __rt_lib_init_clock_1
    libinit.o(.ARM.Collect$$libinit$$00000000) refers (Special) to libinit2.o(.ARM.Collect$$libinit$$00000030) for __rt_lib_init_cpp_1
    libinit.o(.ARM.Collect$$libinit$$00000000) refers (Special) to libinit2.o(.ARM.Collect$$libinit$$0000002E) for __rt_lib_init_exceptions_1
    libinit.o(.ARM.Collect$$libinit$$00000000) refers (Special) to libinit2.o(.ARM.Collect$$libinit$$00000001) for __rt_lib_init_fp_1
    libinit.o(.ARM.Collect$$libinit$$00000000) refers (Special) to libinit2.o(.ARM.Collect$$libinit$$0000001D) for __rt_lib_init_fp_trap_1
    libinit.o(.ARM.Collect$$libinit$$00000000) refers (Special) to libinit2.o(.ARM.Collect$$libinit$$00000021) for __rt_lib_init_getenv_1
    libinit.o(.ARM.Collect$$libinit$$00000000) refers (Special) to libinit2.o(.ARM.Collect$$libinit$$00000008) for __rt_lib_init_heap_1
    libinit.o(.ARM.Collect$$libinit$$00000000) refers (Special) to libinit2.o(.ARM.Collect$$libinit$$0000000F) for __rt_lib_init_lc_collate_1
    libinit.o(.ARM.Collect$$libinit$$00000000) refers (Special) to libinit2.o(.ARM.Collect$$libinit$$00000011) for __rt_lib_init_lc_ctype_1
    libinit.o(.ARM.Collect$$libinit$$00000000) refers (Special) to libinit2.o(.ARM.Collect$$libinit$$00000013) for __rt_lib_init_lc_monetary_1
    libinit.o(.ARM.Collect$$libinit$$00000000) refers (Special) to libinit2.o(.ARM.Collect$$libinit$$00000015) for __rt_lib_init_lc_numeric_1
    libinit.o(.ARM.Collect$$libinit$$00000000) refers (Special) to libinit2.o(.ARM.Collect$$libinit$$00000017) for __rt_lib_init_lc_time_1
    libinit.o(.ARM.Collect$$libinit$$00000000) refers (Special) to libinit2.o(.ARM.Collect$$libinit$$0000000C) for __rt_lib_init_rand_1
    libinit.o(.ARM.Collect$$libinit$$00000000) refers (Special) to libinit2.o(.ARM.Collect$$libinit$$00000031) for __rt_lib_init_return
    libinit.o(.ARM.Collect$$libinit$$00000000) refers (Special) to libinit2.o(.ARM.Collect$$libinit$$0000001B) for __rt_lib_init_signal_1
    libinit.o(.ARM.Collect$$libinit$$00000000) refers (Special) to libinit2.o(.ARM.Collect$$libinit$$00000023) for __rt_lib_init_stdio_1
    libinit.o(.ARM.Collect$$libinit$$00000000) refers (Special) to libinit2.o(.ARM.Collect$$libinit$$0000000A) for __rt_lib_init_user_alloc_1
    sys_exit.o(.text) refers (Special) to use_no_semi.o(.text) for __I$use$semihosting
    sys_exit.o(.text) refers (Special) to indicate_semi.o(.text) for __semihosting_library_function
    rtexit.o(.ARM.Collect$$rtexit$$00000000) refers (Special) to rtexit2.o(.ARM.Collect$$rtexit$$00000004) for __rt_exit_exit
    rtexit.o(.ARM.Collect$$rtexit$$00000000) refers (Special) to rtexit2.o(.ARM.Collect$$rtexit$$00000003) for __rt_exit_ls
    rtexit.o(.ARM.Collect$$rtexit$$00000000) refers (Special) to rtexit2.o(.ARM.Collect$$rtexit$$00000002) for __rt_exit_prels_1
    rtexit.o(.ARM.exidx) refers (Special) to rtexit2.o(.ARM.Collect$$rtexit$$00000004) for __rt_exit_exit
    rtexit.o(.ARM.exidx) refers (Special) to rtexit2.o(.ARM.Collect$$rtexit$$00000003) for __rt_exit_ls
    rtexit.o(.ARM.exidx) refers (Special) to rtexit2.o(.ARM.Collect$$rtexit$$00000002) for __rt_exit_prels_1
    rtexit.o(.ARM.exidx) refers to rtexit.o(.ARM.Collect$$rtexit$$00000000) for .ARM.Collect$$rtexit$$00000000
    __raise.o(.text) refers to defsig.o(CL$$defsig) for __default_signal_handler
    defsig_general.o(.text) refers to sys_wrch.o(.text) for _ttywrch
    libshutdown2.o(.ARM.Collect$$libshutdown$$0000000C) refers (Weak) to term_alloc.o(.text) for _terminate_alloc
    sys_wrch.o(.text) refers (Special) to use_no_semi.o(.text) for __I$use$semihosting
    sys_wrch.o(.text) refers (Special) to indicate_semi.o(.text) for __semihosting_library_function
    rtexit2.o(.ARM.Collect$$rtexit$$00000003) refers to libshutdown.o(.ARM.Collect$$libshutdown$$00000000) for __rt_lib_shutdown
    rtexit2.o(.ARM.Collect$$rtexit$$00000004) refers to sys_exit.o(.text) for _sys_exit
    rtexit2.o(.ARM.exidx) refers to rtexit2.o(.ARM.Collect$$rtexit$$00000001) for .ARM.Collect$$rtexit$$00000001
    rtexit2.o(.ARM.exidx) refers to rtexit2.o(.ARM.Collect$$rtexit$$00000003) for .ARM.Collect$$rtexit$$00000003
    rtexit2.o(.ARM.exidx) refers to rtexit2.o(.ARM.Collect$$rtexit$$00000004) for .ARM.Collect$$rtexit$$00000004
    defsig.o(CL$$defsig) refers to defsig_rtmem_inner.o(.text) for __rt_SIGRTMEM_inner
    defsig_abrt_inner.o(.text) refers to defsig_general.o(.text) for __default_signal_display
    defsig_fpe_inner.o(.text) refers to defsig_general.o(.text) for __default_signal_display
    defsig_rtred_inner.o(.text) refers to defsig_general.o(.text) for __default_signal_display
    defsig_stak_inner.o(.text) refers to defsig_general.o(.text) for __default_signal_display
    defsig_pvfn_inner.o(.text) refers to defsig_general.o(.text) for __default_signal_display
    defsig_cppl_inner.o(.text) refers to defsig_general.o(.text) for __default_signal_display
    defsig_segv_inner.o(.text) refers to defsig_general.o(.text) for __default_signal_display
    defsig_other.o(.text) refers to defsig_general.o(.text) for __default_signal_display
    libshutdown.o(.ARM.Collect$$libshutdown$$00000000) refers (Special) to libshutdown2.o(.ARM.Collect$$libshutdown$$00000006) for __rt_lib_shutdown_fp_trap_1
    libshutdown.o(.ARM.Collect$$libshutdown$$00000000) refers (Special) to libshutdown2.o(.ARM.Collect$$libshutdown$$0000000E) for __rt_lib_shutdown_heap_1
    libshutdown.o(.ARM.Collect$$libshutdown$$00000000) refers (Special) to libshutdown2.o(.ARM.Collect$$libshutdown$$0000000F) for __rt_lib_shutdown_return
    libshutdown.o(.ARM.Collect$$libshutdown$$00000000) refers (Special) to libshutdown2.o(.ARM.Collect$$libshutdown$$00000009) for __rt_lib_shutdown_signal_1
    libshutdown.o(.ARM.Collect$$libshutdown$$00000000) refers (Special) to libshutdown2.o(.ARM.Collect$$libshutdown$$00000003) for __rt_lib_shutdown_stdio_1
    libshutdown.o(.ARM.Collect$$libshutdown$$00000000) refers (Special) to libshutdown2.o(.ARM.Collect$$libshutdown$$0000000B) for __rt_lib_shutdown_user_alloc_1


==============================================================================

Removing Unused input sections from the image.

    Removing calculatorbase.o(.bss), (40 bytes).

1 unused section(s) (total 40 bytes) removed from the image.

==============================================================================

Image Symbol Table

    Local Symbols

    Symbol Name                              Value     Ov Type        Size  Object(Section)

    RESET                                    0x00000000   Section      620  startup_tm4c123.o(RESET)
    ../clib/angel/boardlib.s                 0x00000000   Number         0  boardshut.o ABSOLUTE
    ../clib/angel/boardlib.s                 0x00000000   Number         0  boardinit3.o ABSOLUTE
    ../clib/angel/boardlib.s                 0x00000000   Number         0  boardinit2.o ABSOLUTE
    ../clib/angel/boardlib.s                 0x00000000   Number         0  boardinit1.o ABSOLUTE
    ../clib/angel/handlers.s                 0x00000000   Number         0  __scatter_zi.o ABSOLUTE
    ../clib/angel/handlers.s                 0x00000000   Number         0  __scatter_copy.o ABSOLUTE
    ../clib/angel/kernel.s                   0x00000000   Number         0  rtentry4.o ABSOLUTE
    ../clib/angel/kernel.s                   0x00000000   Number         0  rtentry2.o ABSOLUTE
    ../clib/angel/kernel.s                   0x00000000   Number         0  rtexit2.o ABSOLUTE
    ../clib/angel/kernel.s                   0x00000000   Number         0  rtentry.o ABSOLUTE
    ../clib/angel/kernel.s                   0x00000000   Number         0  rtexit.o ABSOLUTE
    ../clib/angel/rt.s                       0x00000000   Number         0  rt_raise.o ABSOLUTE
    ../clib/angel/rt.s                       0x00000000   Number         0  rt_locale_intlibspace.o ABSOLUTE
    ../clib/angel/rt.s                       0x00000000   Number         0  rt_locale.o ABSOLUTE
    ../clib/angel/rt.s                       0x00000000   Number         0  rt_heap_descriptor.o ABSOLUTE
    ../clib/angel/rt.s                       0x00000000   Number         0  rt_heap_descriptor_intlibspace.o ABSOLUTE
    ../clib/angel/scatter.s                  0x00000000   Number         0  __scatter.o ABSOLUTE
    ../clib/angel/startup.s                  0x00000000   Number         0  __main.o ABSOLUTE
    ../clib/angel/sys.s                      0x00000000   Number         0  libspace.o ABSOLUTE
    ../clib/angel/sys.s                      0x00000000   Number         0  use_no_semi.o ABSOLUTE
    ../clib/angel/sys.s                      0x00000000   Number         0  mutex_dummy.o ABSOLUTE
    ../clib/angel/sys.s                      0x00000000   Number         0  sys_stackheap_outer.o ABSOLUTE
    ../clib/angel/sys.s                      0x00000000   Number         0  indicate_semi.o ABSOLUTE
    ../clib/angel/sysapp.c                   0x00000000   Number         0  sys_command.o ABSOLUTE
    ../clib/angel/sysapp.c                   0x00000000   Number         0  sys_exit.o ABSOLUTE
    ../clib/angel/sysapp.c                   0x00000000   Number         0  sys_wrch.o ABSOLUTE
    ../clib/armsys.c                         0x00000000   Number         0  _get_argv.o ABSOLUTE
    ../clib/armsys.c                         0x00000000   Number         0  no_argv.o ABSOLUTE
    ../clib/armsys.c                         0x00000000   Number         0  _get_argv_nomalloc.o ABSOLUTE
    ../clib/armsys.c                         0x00000000   Number         0  argv_veneer.o ABSOLUTE
    ../clib/armsys.c                         0x00000000   Number         0  argv_veneer.o ABSOLUTE
    ../clib/bigflt.c                         0x00000000   Number         0  bigflt0.o ABSOLUTE
    ../clib/btod.s                           0x00000000   Number         0  btod.o ABSOLUTE
    ../clib/heap1.c                          0x00000000   Number         0  h1_free_mt.o ABSOLUTE
    ../clib/heap1.c                          0x00000000   Number         0  h1_init_mt.o ABSOLUTE
    ../clib/heap1.c                          0x00000000   Number         0  h1_alloc.o ABSOLUTE
    ../clib/heap1.c                          0x00000000   Number         0  h1_init.o ABSOLUTE
    ../clib/heap1.c                          0x00000000   Number         0  h1_alloc_mt.o ABSOLUTE
    ../clib/heap1.c                          0x00000000   Number         0  h1_free.o ABSOLUTE
    ../clib/heap1.c                          0x00000000   Number         0  h1_final.o ABSOLUTE
    ../clib/heap1.c                          0x00000000   Number         0  h1_final_mt.o ABSOLUTE
    ../clib/heap1.c                          0x00000000   Number         0  h1_extend_mt.o ABSOLUTE
    ../clib/heap1.c                          0x00000000   Number         0  h1_extend.o ABSOLUTE
    ../clib/heap2.c                          0x00000000   Number         0  heap2.o ABSOLUTE
    ../clib/heap2.c                          0x00000000   Number         0  heap2mt.o ABSOLUTE
    ../clib/heap2.c                          0x00000000   Number         0  fdtree.o ABSOLUTE
    ../clib/heapalloc.c                      0x00000000   Number         0  term_alloc.o ABSOLUTE
    ../clib/heapalloc.c                      0x00000000   Number         0  malloc.o ABSOLUTE
    ../clib/heapalloc.c                      0x00000000   Number         0  heapstubs.o ABSOLUTE
    ../clib/heapalloc.c                      0x00000000   Number         0  hrguard.o ABSOLUTE
    ../clib/heapalloc.c                      0x00000000   Number         0  maybetermalloc1.o ABSOLUTE
    ../clib/heapalloc.c                      0x00000000   Number         0  maybetermalloc1.o ABSOLUTE
    ../clib/heapalloc.c                      0x00000000   Number         0  init_alloc.o ABSOLUTE
    ../clib/heapalloc.c                      0x00000000   Number         0  maybetermalloc2.o ABSOLUTE
    ../clib/heapalloc.c                      0x00000000   Number         0  hguard.o ABSOLUTE
    ../clib/heapalloc.c                      0x00000000   Number         0  free.o ABSOLUTE
    ../clib/heapalloc.c                      0x00000000   Number         0  maybetermalloc2.o ABSOLUTE
    ../clib/heapaux.c                        0x00000000   Number         0  heapauxi.o ABSOLUTE
    ../clib/heapaux.c                        0x00000000   Number         0  heapauxa.o ABSOLUTE
    ../clib/libinit.s                        0x00000000   Number         0  libshutdown.o ABSOLUTE
    ../clib/libinit.s                        0x00000000   Number         0  libshutdown2.o ABSOLUTE
    ../clib/libinit.s                        0x00000000   Number         0  libinit.o ABSOLUTE
    ../clib/libinit.s                        0x00000000   Number         0  libinit2.o ABSOLUTE
    ../clib/locale.s                         0x00000000   Number         0  lc_numeric_c.o ABSOLUTE
    ../clib/longlong.s                       0x00000000   Number         0  lludiv10.o ABSOLUTE
    ../clib/memcpset.s                       0x00000000   Number         0  strcmpv7m.o ABSOLUTE
    ../clib/memcpset.s                       0x00000000   Number         0  rt_memcpy_w.o ABSOLUTE
    ../clib/misc.s                           0x00000000   Number         0  printf_stubs.o ABSOLUTE
    ../clib/printf.c                         0x00000000   Number         0  noretval__2snprintf.o ABSOLUTE
    ../clib/printf.c                         0x00000000   Number         0  _snputc.o ABSOLUTE
    ../clib/printf.c                         0x00000000   Number         0  __printf.o ABSOLUTE
    ../clib/printf.c                         0x00000000   Number         0  __printf_flags_ss_wp.o ABSOLUTE
    ../clib/printf.c                         0x00000000   Number         0  __printf_ss_wp.o ABSOLUTE
    ../clib/printf.c                         0x00000000   Number         0  __printf_flags_wp.o ABSOLUTE
    ../clib/printf.c                         0x00000000   Number         0  __printf_wp.o ABSOLUTE
    ../clib/printf.c                         0x00000000   Number         0  __printf_nopercent.o ABSOLUTE
    ../clib/printf.c                         0x00000000   Number         0  __printf_flags_ss.o ABSOLUTE
    ../clib/printf.c                         0x00000000   Number         0  __printf_ss.o ABSOLUTE
    ../clib/printf.c                         0x00000000   Number         0  __printf_flags.o ABSOLUTE
    ../clib/printf.c                         0x00000000   Number         0  _printf_fp_dec.o ABSOLUTE
    ../clib/printf.c                         0x00000000   Number         0  _sputc.o ABSOLUTE
    ../clib/printf.c                         0x00000000   Number         0  _printf_char_common.o ABSOLUTE
    ../clib/printf.c                         0x00000000   Number         0  _printf_intcommon.o ABSOLUTE
    ../clib/printf.c                         0x00000000   Number         0  __2sprintf.o ABSOLUTE
    ../clib/printf.c                         0x00000000   Number         0  _printf_dec.o ABSOLUTE
    ../clib/printf.c                         0x00000000   Number         0  __2snprintf.o ABSOLUTE
    ../clib/printf.c                         0x00000000   Number         0  noretval__2sprintf.o ABSOLUTE
    ../clib/printf.c                         0x00000000   Number         0  _printf_fp_infnan.o ABSOLUTE
    ../clib/printf_percent.s                 0x00000000   Number         0  _printf_f.o ABSOLUTE
    ../clib/printf_percent.s                 0x00000000   Number         0  _printf_percent_end.o ABSOLUTE
    ../clib/printf_percent.s                 0x00000000   Number         0  _printf_d.o ABSOLUTE
    ../clib/printf_percent.s                 0x00000000   Number         0  _printf_percent.o ABSOLUTE
    ../clib/signal.c                         0x00000000   Number         0  defsig_stak_inner.o ABSOLUTE
    ../clib/signal.c                         0x00000000   Number         0  defsig_segv_inner.o ABSOLUTE
    ../clib/signal.c                         0x00000000   Number         0  defsig_cppl_inner.o ABSOLUTE
    ../clib/signal.c                         0x00000000   Number         0  defsig_pvfn_inner.o ABSOLUTE
    ../clib/signal.c                         0x00000000   Number         0  defsig_exit.o ABSOLUTE
    ../clib/signal.c                         0x00000000   Number         0  defsig_rtmem_formal.o ABSOLUTE
    ../clib/signal.c                         0x00000000   Number         0  defsig_abrt_inner.o ABSOLUTE
    ../clib/signal.c                         0x00000000   Number         0  defsig_rtmem_inner.o ABSOLUTE
    ../clib/signal.c                         0x00000000   Number         0  defsig_rtmem_outer.o ABSOLUTE
    ../clib/signal.c                         0x00000000   Number         0  defsig_fpe_inner.o ABSOLUTE
    ../clib/signal.c                         0x00000000   Number         0  defsig_rtred_inner.o ABSOLUTE
    ../clib/signal.c                         0x00000000   Number         0  defsig_general.o ABSOLUTE
    ../clib/signal.c                         0x00000000   Number         0  defsig_other.o ABSOLUTE
    ../clib/signal.c                         0x00000000   Number         0  __raise.o ABSOLUTE
    ../clib/signal.s                         0x00000000   Number         0  defsig.o ABSOLUTE
    ../clib/stdlib.c                         0x00000000   Number         0  exit.o ABSOLUTE
    ../fplib/daddsub.s                       0x00000000   Number         0  daddsub_clz.o ABSOLUTE
    ../fplib/ddiv.s                          0x00000000   Number         0  ddiv.o ABSOLUTE
    ../fplib/dflt.s                          0x00000000   Number         0  dflt_clz.o ABSOLUTE
    ../fplib/dmul.s                          0x00000000   Number         0  dmul.o ABSOLUTE
    ../fplib/dnaninf.s                       0x00000000   Number         0  dnaninf.o ABSOLUTE
    ../fplib/dretinf.s                       0x00000000   Number         0  dretinf.o ABSOLUTE
    ../fplib/fpinit.s                        0x00000000   Number         0  fpinit.o ABSOLUTE
    ../fplib/istatus.s                       0x00000000   Number         0  istatus.o ABSOLUTE
    ../fplib/printf1.s                       0x00000000   Number         0  printf1.o ABSOLUTE
    ../fplib/usenofp.s                       0x00000000   Number         0  usenofp.o ABSOLUTE
    ../mathlib/fpclassify.c                  0x00000000   Number         0  fpclassify.o ABSOLUTE
    Calculations.c                           0x00000000   Number         0  calculations.o ABSOLUTE
    Calculator.c                             0x00000000   Number         0  calculator.o ABSOLUTE
    CalculatorBase.c                         0x00000000   Number         0  calculatorbase.o ABSOLUTE
    Delay.c                                  0x00000000   Number         0  delay.o ABSOLUTE
    KeyPad.c                                 0x00000000   Number         0  keypad.o ABSOLUTE
    LCD.c                                    0x00000000   Number         0  lcd.o ABSOLUTE
    dc.s                                     0x00000000   Number         0  dc.o ABSOLUTE
    main.c                                   0x00000000   Number         0  main.o ABSOLUTE
    startup_TM4C123.s                        0x00000000   Number         0  startup_tm4c123.o ABSOLUTE
    !!!main                                  0x0000026c   Section        8  __main.o(!!!main)
    !!!scatter                               0x00000274   Section       52  __scatter.o(!!!scatter)
    !!handler_copy                           0x000002a8   Section       26  __scatter_copy.o(!!handler_copy)
    !!handler_zi                             0x000002c4   Section       28  __scatter_zi.o(!!handler_zi)
    .ARM.Collect$$_printf_percent$$00000000  0x000002e0   Section        0  _printf_percent.o(.ARM.Collect$$_printf_percent$$00000000)
    .ARM.Collect$$_printf_percent$$00000003  0x000002e0   Section        6  _printf_f.o(.ARM.Collect$$_printf_percent$$00000003)
    .ARM.Collect$$_printf_percent$$00000009  0x000002e6   Section        6  _printf_d.o(.ARM.Collect$$_printf_percent$$00000009)
    .ARM.Collect$$_printf_percent$$00000017  0x000002ec   Section        4  _printf_percent_end.o(.ARM.Collect$$_printf_percent$$00000017)
    .ARM.Collect$$libinit$$00000000          0x000002f0   Section        2  libinit.o(.ARM.Collect$$libinit$$00000000)
    .ARM.Collect$$libinit$$00000001          0x000002f2   Section        4  libinit2.o(.ARM.Collect$$libinit$$00000001)
    .ARM.Collect$$libinit$$00000003          0x000002f6   Section        8  libinit2.o(.ARM.Collect$$libinit$$00000003)
    .ARM.Collect$$libinit$$00000008          0x000002fe   Section        0  libinit2.o(.ARM.Collect$$libinit$$00000008)
    .ARM.Collect$$libinit$$0000000A          0x000002fe   Section        0  libinit2.o(.ARM.Collect$$libinit$$0000000A)
    .ARM.Collect$$libinit$$0000000C          0x000002fe   Section        0  libinit2.o(.ARM.Collect$$libinit$$0000000C)
    .ARM.Collect$$libinit$$0000000D          0x000002fe   Section        6  libinit2.o(.ARM.Collect$$libinit$$0000000D)
    .ARM.Collect$$libinit$$0000000F          0x00000304   Section        0  libinit2.o(.ARM.Collect$$libinit$$0000000F)
    .ARM.Collect$$libinit$$00000011          0x00000304   Section        0  libinit2.o(.ARM.Collect$$libinit$$00000011)
    .ARM.Collect$$libinit$$00000013          0x00000304   Section        0  libinit2.o(.ARM.Collect$$libinit$$00000013)
    .ARM.Collect$$libinit$$00000014          0x00000304   Section       10  libinit2.o(.ARM.Collect$$libinit$$00000014)
    .ARM.Collect$$libinit$$00000015          0x0000030e   Section        0  libinit2.o(.ARM.Collect$$libinit$$00000015)
    .ARM.Collect$$libinit$$00000017          0x0000030e   Section        0  libinit2.o(.ARM.Collect$$libinit$$00000017)
    .ARM.Collect$$libinit$$00000019          0x0000030e   Section        0  libinit2.o(.ARM.Collect$$libinit$$00000019)
    .ARM.Collect$$libinit$$0000001B          0x0000030e   Section        0  libinit2.o(.ARM.Collect$$libinit$$0000001B)
    .ARM.Collect$$libinit$$0000001D          0x0000030e   Section        0  libinit2.o(.ARM.Collect$$libinit$$0000001D)
    .ARM.Collect$$libinit$$0000001F          0x0000030e   Section        0  libinit2.o(.ARM.Collect$$libinit$$0000001F)
    .ARM.Collect$$libinit$$00000021          0x0000030e   Section        0  libinit2.o(.ARM.Collect$$libinit$$00000021)
    .ARM.Collect$$libinit$$00000023          0x0000030e   Section        0  libinit2.o(.ARM.Collect$$libinit$$00000023)
    .ARM.Collect$$libinit$$0000002A          0x0000030e   Section        0  libinit2.o(.ARM.Collect$$libinit$$0000002A)
    .ARM.Collect$$libinit$$0000002C          0x0000030e   Section        0  libinit2.o(.ARM.Collect$$libinit$$0000002C)
    .ARM.Collect$$libinit$$0000002E          0x0000030e   Section        0  libinit2.o(.ARM.Collect$$libinit$$0000002E)
    .ARM.Collect$$libinit$$00000030          0x0000030e   Section        0  libinit2.o(.ARM.Collect$$libinit$$00000030)
    .ARM.Collect$$libinit$$00000031          0x0000030e   Section        2  libinit2.o(.ARM.Collect$$libinit$$00000031)
    .ARM.Collect$$libshutdown$$00000000      0x00000310   Section        2  libshutdown.o(.ARM.Collect$$libshutdown$$00000000)
    .ARM.Collect$$libshutdown$$00000003      0x00000312   Section        0  libshutdown2.o(.ARM.Collect$$libshutdown$$00000003)
    .ARM.Collect$$libshutdown$$00000006      0x00000312   Section        0  libshutdown2.o(.ARM.Collect$$libshutdown$$00000006)
    .ARM.Collect$$libshutdown$$00000009      0x00000312   Section        0  libshutdown2.o(.ARM.Collect$$libshutdown$$00000009)
    .ARM.Collect$$libshutdown$$0000000B      0x00000312   Section        0  libshutdown2.o(.ARM.Collect$$libshutdown$$0000000B)
    .ARM.Collect$$libshutdown$$0000000E      0x00000312   Section        0  libshutdown2.o(.ARM.Collect$$libshutdown$$0000000E)
    .ARM.Collect$$libshutdown$$0000000F      0x00000312   Section        2  libshutdown2.o(.ARM.Collect$$libshutdown$$0000000F)
    .ARM.Collect$$rtentry$$00000000          0x00000314   Section        0  rtentry.o(.ARM.Collect$$rtentry$$00000000)
    .ARM.Collect$$rtentry$$00000002          0x00000314   Section        0  rtentry2.o(.ARM.Collect$$rtentry$$00000002)
    .ARM.Collect$$rtentry$$00000004          0x00000314   Section        6  rtentry4.o(.ARM.Collect$$rtentry$$00000004)
    .ARM.Collect$$rtentry$$00000009          0x0000031a   Section        0  rtentry2.o(.ARM.Collect$$rtentry$$00000009)
    .ARM.Collect$$rtentry$$0000000A          0x0000031a   Section        4  rtentry2.o(.ARM.Collect$$rtentry$$0000000A)
    .ARM.Collect$$rtentry$$0000000C          0x0000031e   Section        0  rtentry2.o(.ARM.Collect$$rtentry$$0000000C)
    .ARM.Collect$$rtentry$$0000000D          0x0000031e   Section        8  rtentry2.o(.ARM.Collect$$rtentry$$0000000D)
    .ARM.Collect$$rtexit$$00000000           0x00000326   Section        2  rtexit.o(.ARM.Collect$$rtexit$$00000000)
    .ARM.Collect$$rtexit$$00000002           0x00000328   Section        0  rtexit2.o(.ARM.Collect$$rtexit$$00000002)
    .ARM.Collect$$rtexit$$00000003           0x00000328   Section        4  rtexit2.o(.ARM.Collect$$rtexit$$00000003)
    .ARM.Collect$$rtexit$$00000004           0x0000032c   Section        6  rtexit2.o(.ARM.Collect$$rtexit$$00000004)
    .emb_text                                0x00000334   Section        0  maybetermalloc1.o(.emb_text)
    .text                                    0x00000334   Section      276  startup_tm4c123.o(.text)
    $v0                                      0x00000334   Number         0  startup_tm4c123.o(.text)
    .text                                    0x00000448   Section        0  main.o(.text)
    .text                                    0x00000458   Section        0  calculations.o(.text)
    .text                                    0x00000a3c   Section        0  lcd.o(.text)
    .text                                    0x00000c4c   Section        0  delay.o(.text)
    .text                                    0x00000c7c   Section        0  calculatorbase.o(.text)
    .text                                    0x00000da4   Section        0  calculator.o(.text)
    .text                                    0x00000e08   Section        0  keypad.o(.text)
    .text                                    0x00000ef8   Section        0  h1_alloc.o(.text)
    .text                                    0x00000f56   Section        0  h1_free.o(.text)
    .text                                    0x00000fa4   Section        0  __2sprintf.o(.text)
    .text                                    0x00000fd0   Section        0  __2snprintf.o(.text)
    .text                                    0x00001008   Section        0  __printf.o(.text)
    .text                                    0x00001070   Section        0  _printf_dec.o(.text)
    .text                                    0x000010e8   Section      100  rt_memcpy_w.o(.text)
    .text                                    0x0000114c   Section        0  heapauxi.o(.text)
    .text                                    0x00001154   Section        8  rt_heap_descriptor_intlibspace.o(.text)
    .text                                    0x0000115c   Section        0  hguard.o(.text)
    .text                                    0x00001160   Section        0  init_alloc.o(.text)
    .text                                    0x000011ea   Section        0  h1_init.o(.text)
    .text                                    0x000011f8   Section        0  _printf_intcommon.o(.text)
    .text                                    0x000012b0   Section        0  _printf_fp_dec.o(.text)
    _fp_digits                               0x000012b3   Thumb Code   426  _printf_fp_dec.o(.text)
    .text                                    0x000016d0   Section        0  _printf_char_common.o(.text)
    _printf_input_char                       0x000016d1   Thumb Code    10  _printf_char_common.o(.text)
    .text                                    0x00001700   Section        0  _sputc.o(.text)
    .text                                    0x0000170a   Section        0  _snputc.o(.text)
    .text                                    0x0000171c   Section        8  libspace.o(.text)
    .text                                    0x00001724   Section        8  rt_locale_intlibspace.o(.text)
    .text                                    0x0000172c   Section        0  h1_extend.o(.text)
    .text                                    0x00001760   Section      138  lludiv10.o(.text)
    .text                                    0x000017ec   Section        0  _printf_fp_infnan.o(.text)
    .text                                    0x0000186c   Section        0  bigflt0.o(.text)
    .text                                    0x00001950   Section        0  defsig_rtmem_outer.o(.text)
    .text                                    0x0000195e   Section        2  use_no_semi.o(.text)
    .text                                    0x00001960   Section        0  indicate_semi.o(.text)
    .text                                    0x00001960   Section       74  sys_stackheap_outer.o(.text)
    .text                                    0x000019aa   Section        0  exit.o(.text)
    .text                                    0x000019b6   Section        0  defsig_exit.o(.text)
    .text                                    0x000019c0   Section        0  defsig_rtmem_inner.o(.text)
    .text                                    0x00001a10   Section      128  strcmpv7m.o(.text)
    .text                                    0x00001a90   Section        0  sys_exit.o(.text)
    .text                                    0x00001a9c   Section        0  defsig_general.o(.text)
    .text                                    0x00001ace   Section        0  sys_wrch.o(.text)
    CL$$btod_d2e                             0x00001adc   Section       62  btod.o(CL$$btod_d2e)
    CL$$btod_d2e_denorm_low                  0x00001b1a   Section       70  btod.o(CL$$btod_d2e_denorm_low)
    CL$$btod_d2e_norm_op1                    0x00001b60   Section       96  btod.o(CL$$btod_d2e_norm_op1)
    CL$$btod_div_common                      0x00001bc0   Section      824  btod.o(CL$$btod_div_common)
    CL$$btod_e2e                             0x00001ef8   Section      198  btod.o(CL$$btod_e2e)
    CL$$btod_ediv                            0x00001fbe   Section       40  btod.o(CL$$btod_ediv)
    CL$$btod_emul                            0x00001fe6   Section       40  btod.o(CL$$btod_emul)
    CL$$btod_mult_common                     0x0000200e   Section      580  btod.o(CL$$btod_mult_common)
    i.__ARM_fpclassify                       0x00002252   Section        0  fpclassify.o(i.__ARM_fpclassify)
    locale$$code                             0x00002284   Section       44  lc_numeric_c.o(locale$$code)
    x$fpl$dadd                               0x000022b0   Section      336  daddsub_clz.o(x$fpl$dadd)
    $v0                                      0x000022b0   Number         0  daddsub_clz.o(x$fpl$dadd)
    _dadd1                                   0x000022c1   Thumb Code     0  daddsub_clz.o(x$fpl$dadd)
    x$fpl$ddiv                               0x00002400   Section      688  ddiv.o(x$fpl$ddiv)
    $v0                                      0x00002400   Number         0  ddiv.o(x$fpl$ddiv)
    ddiv_entry                               0x00002407   Thumb Code     0  ddiv.o(x$fpl$ddiv)
    x$fpl$dflt                               0x000026b0   Section       46  dflt_clz.o(x$fpl$dflt)
    $v0                                      0x000026b0   Number         0  dflt_clz.o(x$fpl$dflt)
    x$fpl$dmul                               0x000026e0   Section      340  dmul.o(x$fpl$dmul)
    $v0                                      0x000026e0   Number         0  dmul.o(x$fpl$dmul)
    x$fpl$dnaninf                            0x00002834   Section      156  dnaninf.o(x$fpl$dnaninf)
    $v0                                      0x00002834   Number         0  dnaninf.o(x$fpl$dnaninf)
    x$fpl$dretinf                            0x000028d0   Section       12  dretinf.o(x$fpl$dretinf)
    $v0                                      0x000028d0   Number         0  dretinf.o(x$fpl$dretinf)
    x$fpl$dsub                               0x000028dc   Section      468  daddsub_clz.o(x$fpl$dsub)
    $v0                                      0x000028dc   Number         0  daddsub_clz.o(x$fpl$dsub)
    _dsub1                                   0x000028ed   Thumb Code     0  daddsub_clz.o(x$fpl$dsub)
    x$fpl$fpinit                             0x00002ab0   Section       10  fpinit.o(x$fpl$fpinit)
    $v0                                      0x00002ab0   Number         0  fpinit.o(x$fpl$fpinit)
    x$fpl$printf1                            0x00002aba   Section        4  printf1.o(x$fpl$printf1)
    $v0                                      0x00002aba   Number         0  printf1.o(x$fpl$printf1)
    x$fpl$usenofp                            0x00002abe   Section        0  usenofp.o(x$fpl$usenofp)
    .constdata                               0x00002ac0   Section       40  calculatorbase.o(.constdata)
    .constdata                               0x00002ae8   Section      148  bigflt0.o(.constdata)
    tenpwrs_x                                0x00002ae8   Data          60  bigflt0.o(.constdata)
    tenpwrs_i                                0x00002b24   Data          64  bigflt0.o(.constdata)
    locale$$data                             0x00002b9c   Section       28  lc_numeric_c.o(locale$$data)
    __lcnum_c_name                           0x00002ba0   Data           2  lc_numeric_c.o(locale$$data)
    __lcnum_c_start                          0x00002ba8   Data           0  lc_numeric_c.o(locale$$data)
    __lcnum_c_point                          0x00002bb4   Data           0  lc_numeric_c.o(locale$$data)
    __lcnum_c_thousands                      0x00002bb6   Data           0  lc_numeric_c.o(locale$$data)
    __lcnum_c_grouping                       0x00002bb7   Data           0  lc_numeric_c.o(locale$$data)
    __lcnum_c_end                            0x00002bb8   Data           0  lc_numeric_c.o(locale$$data)
    .data                                    0x20000000   Section       40  calculations.o(.data)
    .data                                    0x20000028   Section        5  calculatorbase.o(.data)
    .data                                    0x2000002d   Section       16  keypad.o(.data)
    .bss                                     0x20000040   Section       80  calculations.o(.bss)
    .bss                                     0x20000090   Section       96  libspace.o(.bss)
    HEAP                                     0x200000f0   Section        0  startup_tm4c123.o(HEAP)
    STACK                                    0x200000f0   Section      512  startup_tm4c123.o(STACK)
    Heap_Mem                                 0x200000f0   Data           0  startup_tm4c123.o(HEAP)
    Stack_Mem                                0x200000f0   Data         512  startup_tm4c123.o(STACK)
    __initial_sp                             0x200002f0   Data           0  startup_tm4c123.o(STACK)

    Global Symbols

    Symbol Name                              Value     Ov Type        Size  Object(Section)

    BuildAttributes$$THM_ISAv4$E$P$D$K$B$S$7EM$VFPi3$EXTD16$VFPS$VFMA$PE$A:L22UL41UL21$X:L11$S22US41US21$IEEE1$IW$USESV6$~STKCKD$USESV7$~SHL$OTIME$ROPI$IEEEJ$EBA8$UX$STANDARDLIB$REQ8$PRES8$EABIv2 0x00000000   Number         0  anon$$obj.o ABSOLUTE
    __ARM_use_no_argv                        0x00000000   Number         0  main.o ABSOLUTE
    __Vectors                                0x00000000   Data           4  startup_tm4c123.o(RESET)
    _printf_flags                            0x00000000   Number         0  printf_stubs.o ABSOLUTE
    _printf_return_value                     0x00000000   Number         0  printf_stubs.o ABSOLUTE
    _printf_sizespec                         0x00000000   Number         0  printf_stubs.o ABSOLUTE
    _printf_widthprec                        0x00000000   Number         0  printf_stubs.o ABSOLUTE
    __ARM_exceptions_init                     - Undefined Weak Reference
    __alloca_initialize                       - Undefined Weak Reference
    __cpp_initialize__aeabi_                  - Undefined Weak Reference
    __cxa_finalize                            - Undefined Weak Reference
    __sigvec_lookup                           - Undefined Weak Reference
    __user_heap_extent                        - Undefined Weak Reference
    _atexit_init                              - Undefined Weak Reference
    _call_atexit_fns                          - Undefined Weak Reference
    _clock_init                               - Undefined Weak Reference
    _fp_trap_init                             - Undefined Weak Reference
    _fp_trap_shutdown                         - Undefined Weak Reference
    _get_lc_collate                           - Undefined Weak Reference
    _get_lc_ctype                             - Undefined Weak Reference
    _get_lc_monetary                          - Undefined Weak Reference
    _get_lc_time                              - Undefined Weak Reference
    _getenv_init                              - Undefined Weak Reference
    _handle_redirection                       - Undefined Weak Reference
    _initio                                   - Undefined Weak Reference
    _mutex_acquire                            - Undefined Weak Reference
    _mutex_free                               - Undefined Weak Reference
    _mutex_release                            - Undefined Weak Reference
    _printf_post_padding                      - Undefined Weak Reference
    _printf_pre_padding                       - Undefined Weak Reference
    _printf_truncate_signed                   - Undefined Weak Reference
    _printf_truncate_unsigned                 - Undefined Weak Reference
    _rand_init                                - Undefined Weak Reference
    _signal_finish                            - Undefined Weak Reference
    _signal_init                              - Undefined Weak Reference
    _terminateio                              - Undefined Weak Reference
    __Vectors_End                            0x0000026c   Data           0  startup_tm4c123.o(RESET)
    __Vectors_Size                           0x0000026c   Number         0  startup_tm4c123.o ABSOLUTE
    __main                                   0x0000026d   Thumb Code     8  __main.o(!!!main)
    __scatterload                            0x00000275   Thumb Code     0  __scatter.o(!!!scatter)
    __scatterload_rt2                        0x00000275   Thumb Code    44  __scatter.o(!!!scatter)
    __scatterload_rt2_thumb_only             0x00000275   Thumb Code     0  __scatter.o(!!!scatter)
    __scatterload_null                       0x00000283   Thumb Code     0  __scatter.o(!!!scatter)
    __scatterload_copy                       0x000002a9   Thumb Code    26  __scatter_copy.o(!!handler_copy)
    __scatterload_zeroinit                   0x000002c5   Thumb Code    28  __scatter_zi.o(!!handler_zi)
    _printf_f                                0x000002e1   Thumb Code     0  _printf_f.o(.ARM.Collect$$_printf_percent$$00000003)
    _printf_percent                          0x000002e1   Thumb Code     0  _printf_percent.o(.ARM.Collect$$_printf_percent$$00000000)
    _printf_d                                0x000002e7   Thumb Code     0  _printf_d.o(.ARM.Collect$$_printf_percent$$00000009)
    _printf_percent_end                      0x000002ed   Thumb Code     0  _printf_percent_end.o(.ARM.Collect$$_printf_percent$$00000017)
    __rt_lib_init                            0x000002f1   Thumb Code     0  libinit.o(.ARM.Collect$$libinit$$00000000)
    __rt_lib_init_fp_1                       0x000002f3   Thumb Code     0  libinit2.o(.ARM.Collect$$libinit$$00000001)
    __rt_lib_init_heap_2                     0x000002f7   Thumb Code     0  libinit2.o(.ARM.Collect$$libinit$$00000003)
    __rt_lib_init_heap_1                     0x000002ff   Thumb Code     0  libinit2.o(.ARM.Collect$$libinit$$00000008)
    __rt_lib_init_lc_common                  0x000002ff   Thumb Code     0  libinit2.o(.ARM.Collect$$libinit$$0000000D)
    __rt_lib_init_rand_1                     0x000002ff   Thumb Code     0  libinit2.o(.ARM.Collect$$libinit$$0000000C)
    __rt_lib_init_user_alloc_1               0x000002ff   Thumb Code     0  libinit2.o(.ARM.Collect$$libinit$$0000000A)
    __rt_lib_init_lc_collate_1               0x00000305   Thumb Code     0  libinit2.o(.ARM.Collect$$libinit$$0000000F)
    __rt_lib_init_lc_ctype_1                 0x00000305   Thumb Code     0  libinit2.o(.ARM.Collect$$libinit$$00000011)
    __rt_lib_init_lc_monetary_1              0x00000305   Thumb Code     0  libinit2.o(.ARM.Collect$$libinit$$00000013)
    __rt_lib_init_lc_numeric_2               0x00000305   Thumb Code     0  libinit2.o(.ARM.Collect$$libinit$$00000014)
    __rt_lib_init_alloca_1                   0x0000030f   Thumb Code     0  libinit2.o(.ARM.Collect$$libinit$$0000002C)
    __rt_lib_init_argv_1                     0x0000030f   Thumb Code     0  libinit2.o(.ARM.Collect$$libinit$$0000002A)
    __rt_lib_init_atexit_1                   0x0000030f   Thumb Code     0  libinit2.o(.ARM.Collect$$libinit$$00000019)
    __rt_lib_init_clock_1                    0x0000030f   Thumb Code     0  libinit2.o(.ARM.Collect$$libinit$$0000001F)
    __rt_lib_init_cpp_1                      0x0000030f   Thumb Code     0  libinit2.o(.ARM.Collect$$libinit$$00000030)
    __rt_lib_init_exceptions_1               0x0000030f   Thumb Code     0  libinit2.o(.ARM.Collect$$libinit$$0000002E)
    __rt_lib_init_fp_trap_1                  0x0000030f   Thumb Code     0  libinit2.o(.ARM.Collect$$libinit$$0000001D)
    __rt_lib_init_getenv_1                   0x0000030f   Thumb Code     0  libinit2.o(.ARM.Collect$$libinit$$00000021)
    __rt_lib_init_lc_numeric_1               0x0000030f   Thumb Code     0  libinit2.o(.ARM.Collect$$libinit$$00000015)
    __rt_lib_init_lc_time_1                  0x0000030f   Thumb Code     0  libinit2.o(.ARM.Collect$$libinit$$00000017)
    __rt_lib_init_return                     0x0000030f   Thumb Code     0  libinit2.o(.ARM.Collect$$libinit$$00000031)
    __rt_lib_init_signal_1                   0x0000030f   Thumb Code     0  libinit2.o(.ARM.Collect$$libinit$$0000001B)
    __rt_lib_init_stdio_1                    0x0000030f   Thumb Code     0  libinit2.o(.ARM.Collect$$libinit$$00000023)
    __rt_lib_shutdown                        0x00000311   Thumb Code     0  libshutdown.o(.ARM.Collect$$libshutdown$$00000000)
    __rt_lib_shutdown_fp_trap_1              0x00000313   Thumb Code     0  libshutdown2.o(.ARM.Collect$$libshutdown$$00000006)
    __rt_lib_shutdown_heap_1                 0x00000313   Thumb Code     0  libshutdown2.o(.ARM.Collect$$libshutdown$$0000000E)
    __rt_lib_shutdown_return                 0x00000313   Thumb Code     0  libshutdown2.o(.ARM.Collect$$libshutdown$$0000000F)
    __rt_lib_shutdown_signal_1               0x00000313   Thumb Code     0  libshutdown2.o(.ARM.Collect$$libshutdown$$00000009)
    __rt_lib_shutdown_stdio_1                0x00000313   Thumb Code     0  libshutdown2.o(.ARM.Collect$$libshutdown$$00000003)
    __rt_lib_shutdown_user_alloc_1           0x00000313   Thumb Code     0  libshutdown2.o(.ARM.Collect$$libshutdown$$0000000B)
    __rt_entry                               0x00000315   Thumb Code     0  rtentry.o(.ARM.Collect$$rtentry$$00000000)
    __rt_entry_presh_1                       0x00000315   Thumb Code     0  rtentry2.o(.ARM.Collect$$rtentry$$00000002)
    __rt_entry_sh                            0x00000315   Thumb Code     0  rtentry4.o(.ARM.Collect$$rtentry$$00000004)
    __rt_entry_li                            0x0000031b   Thumb Code     0  rtentry2.o(.ARM.Collect$$rtentry$$0000000A)
    __rt_entry_postsh_1                      0x0000031b   Thumb Code     0  rtentry2.o(.ARM.Collect$$rtentry$$00000009)
    __rt_entry_main                          0x0000031f   Thumb Code     0  rtentry2.o(.ARM.Collect$$rtentry$$0000000D)
    __rt_entry_postli_1                      0x0000031f   Thumb Code     0  rtentry2.o(.ARM.Collect$$rtentry$$0000000C)
    __rt_exit                                0x00000327   Thumb Code     0  rtexit.o(.ARM.Collect$$rtexit$$00000000)
    __rt_exit_ls                             0x00000329   Thumb Code     0  rtexit2.o(.ARM.Collect$$rtexit$$00000003)
    __rt_exit_prels_1                        0x00000329   Thumb Code     0  rtexit2.o(.ARM.Collect$$rtexit$$00000002)
    __rt_exit_exit                           0x0000032d   Thumb Code     0  rtexit2.o(.ARM.Collect$$rtexit$$00000004)
    Reset_Handler                            0x00000335   Thumb Code     8  startup_tm4c123.o(.text)
    _maybe_terminate_alloc                   0x00000335   Thumb Code     0  maybetermalloc1.o(.emb_text)
    NMI_Handler                              0x0000033d   Thumb Code     2  startup_tm4c123.o(.text)
    HardFault_Handler                        0x0000033f   Thumb Code     2  startup_tm4c123.o(.text)
    MemManage_Handler                        0x00000341   Thumb Code     2  startup_tm4c123.o(.text)
    BusFault_Handler                         0x00000343   Thumb Code     2  startup_tm4c123.o(.text)
    UsageFault_Handler                       0x00000345   Thumb Code     2  startup_tm4c123.o(.text)
    SVC_Handler                              0x00000347   Thumb Code     2  startup_tm4c123.o(.text)
    DebugMon_Handler                         0x00000349   Thumb Code     2  startup_tm4c123.o(.text)
    PendSV_Handler                           0x0000034b   Thumb Code     2  startup_tm4c123.o(.text)
    SysTick_Handler                          0x0000034d   Thumb Code     2  startup_tm4c123.o(.text)
    GPIOA_Handler                            0x0000034f   Thumb Code     2  startup_tm4c123.o(.text)
    GPIOB_Handler                            0x00000351   Thumb Code     2  startup_tm4c123.o(.text)
    GPIOC_Handler                            0x00000353   Thumb Code     2  startup_tm4c123.o(.text)
    GPIOD_Handler                            0x00000355   Thumb Code     2  startup_tm4c123.o(.text)
    GPIOE_Handler                            0x00000357   Thumb Code     2  startup_tm4c123.o(.text)
    UART0_Handler                            0x00000359   Thumb Code     2  startup_tm4c123.o(.text)
    UART1_Handler                            0x0000035b   Thumb Code     2  startup_tm4c123.o(.text)
    SSI0_Handler                             0x0000035d   Thumb Code     2  startup_tm4c123.o(.text)
    I2C0_Handler                             0x0000035f   Thumb Code     2  startup_tm4c123.o(.text)
    PMW0_FAULT_Handler                       0x00000361   Thumb Code     2  startup_tm4c123.o(.text)
    PWM0_0_Handler                           0x00000363   Thumb Code     2  startup_tm4c123.o(.text)
    PWM0_1_Handler                           0x00000365   Thumb Code     2  startup_tm4c123.o(.text)
    PWM0_2_Handler                           0x00000367   Thumb Code     2  startup_tm4c123.o(.text)
    QEI0_Handler                             0x00000369   Thumb Code     2  startup_tm4c123.o(.text)
    ADC0SS0_Handler                          0x0000036b   Thumb Code     2  startup_tm4c123.o(.text)
    ADC0SS1_Handler                          0x0000036d   Thumb Code     2  startup_tm4c123.o(.text)
    ADC0SS2_Handler                          0x0000036f   Thumb Code     2  startup_tm4c123.o(.text)
    ADC0SS3_Handler                          0x00000371   Thumb Code     2  startup_tm4c123.o(.text)
    WDT0_Handler                             0x00000373   Thumb Code     2  startup_tm4c123.o(.text)
    TIMER0A_Handler                          0x00000375   Thumb Code     2  startup_tm4c123.o(.text)
    TIMER0B_Handler                          0x00000377   Thumb Code     2  startup_tm4c123.o(.text)
    TIMER1A_Handler                          0x00000379   Thumb Code     2  startup_tm4c123.o(.text)
    TIMER1B_Handler                          0x0000037b   Thumb Code     2  startup_tm4c123.o(.text)
    TIMER2A_Handler                          0x0000037d   Thumb Code     2  startup_tm4c123.o(.text)
    TIMER2B_Handler                          0x0000037f   Thumb Code     2  startup_tm4c123.o(.text)
    COMP0_Handler                            0x00000381   Thumb Code     2  startup_tm4c123.o(.text)
    COMP1_Handler                            0x00000383   Thumb Code     2  startup_tm4c123.o(.text)
    COMP2_Handler                            0x00000385   Thumb Code     2  startup_tm4c123.o(.text)
    SYSCTL_Handler                           0x00000387   Thumb Code     2  startup_tm4c123.o(.text)
    FLASH_Handler                            0x00000389   Thumb Code     2  startup_tm4c123.o(.text)
    GPIOF_Handler                            0x0000038b   Thumb Code     2  startup_tm4c123.o(.text)
    GPIOG_Handler                            0x0000038d   Thumb Code     2  startup_tm4c123.o(.text)
    GPIOH_Handler                            0x0000038f   Thumb Code     2  startup_tm4c123.o(.text)
    UART2_Handler                            0x00000391   Thumb Code     2  startup_tm4c123.o(.text)
    SSI1_Handler                             0x00000393   Thumb Code     2  startup_tm4c123.o(.text)
    TIMER3A_Handler                          0x00000395   Thumb Code     2  startup_tm4c123.o(.text)
    TIMER3B_Handler                          0x00000397   Thumb Code     2  startup_tm4c123.o(.text)
    I2C1_Handler                             0x00000399   Thumb Code     2  startup_tm4c123.o(.text)
    QEI1_Handler                             0x0000039b   Thumb Code     2  startup_tm4c123.o(.text)
    CAN0_Handler                             0x0000039d   Thumb Code     2  startup_tm4c123.o(.text)
    CAN1_Handler                             0x0000039f   Thumb Code     2  startup_tm4c123.o(.text)
    CAN2_Handler                             0x000003a1   Thumb Code     2  startup_tm4c123.o(.text)
    HIB_Handler                              0x000003a3   Thumb Code     2  startup_tm4c123.o(.text)
    USB0_Handler                             0x000003a5   Thumb Code     2  startup_tm4c123.o(.text)
    PWM0_3_Handler                           0x000003a7   Thumb Code     2  startup_tm4c123.o(.text)
    UDMA_Handler                             0x000003a9   Thumb Code     2  startup_tm4c123.o(.text)
    UDMAERR_Handler                          0x000003ab   Thumb Code     2  startup_tm4c123.o(.text)
    ADC1SS0_Handler                          0x000003ad   Thumb Code     2  startup_tm4c123.o(.text)
    ADC1SS1_Handler                          0x000003af   Thumb Code     2  startup_tm4c123.o(.text)
    ADC1SS2_Handler                          0x000003b1   Thumb Code     2  startup_tm4c123.o(.text)
    ADC1SS3_Handler                          0x000003b3   Thumb Code     2  startup_tm4c123.o(.text)
    GPIOJ_Handler                            0x000003b5   Thumb Code     2  startup_tm4c123.o(.text)
    GPIOK_Handler                            0x000003b7   Thumb Code     2  startup_tm4c123.o(.text)
    GPIOL_Handler                            0x000003b9   Thumb Code     2  startup_tm4c123.o(.text)
    SSI2_Handler                             0x000003bb   Thumb Code     2  startup_tm4c123.o(.text)
    SSI3_Handler                             0x000003bd   Thumb Code     2  startup_tm4c123.o(.text)
    UART3_Handler                            0x000003bf   Thumb Code     2  startup_tm4c123.o(.text)
    UART4_Handler                            0x000003c1   Thumb Code     2  startup_tm4c123.o(.text)
    UART5_Handler                            0x000003c3   Thumb Code     2  startup_tm4c123.o(.text)
    UART6_Handler                            0x000003c5   Thumb Code     2  startup_tm4c123.o(.text)
    UART7_Handler                            0x000003c7   Thumb Code     2  startup_tm4c123.o(.text)
    I2C2_Handler                             0x000003c9   Thumb Code     2  startup_tm4c123.o(.text)
    I2C3_Handler                             0x000003cb   Thumb Code     2  startup_tm4c123.o(.text)
    TIMER4A_Handler                          0x000003cd   Thumb Code     2  startup_tm4c123.o(.text)
    TIMER4B_Handler                          0x000003cf   Thumb Code     2  startup_tm4c123.o(.text)
    TIMER5A_Handler                          0x000003d1   Thumb Code     2  startup_tm4c123.o(.text)
    TIMER5B_Handler                          0x000003d3   Thumb Code     2  startup_tm4c123.o(.text)
    WTIMER0A_Handler                         0x000003d5   Thumb Code     2  startup_tm4c123.o(.text)
    WTIMER0B_Handler                         0x000003d7   Thumb Code     2  startup_tm4c123.o(.text)
    WTIMER1A_Handler                         0x000003d9   Thumb Code     2  startup_tm4c123.o(.text)
    WTIMER1B_Handler                         0x000003db   Thumb Code     2  startup_tm4c123.o(.text)
    WTIMER2A_Handler                         0x000003dd   Thumb Code     2  startup_tm4c123.o(.text)
    WTIMER2B_Handler                         0x000003df   Thumb Code     2  startup_tm4c123.o(.text)
    WTIMER3A_Handler                         0x000003e1   Thumb Code     2  startup_tm4c123.o(.text)
    WTIMER3B_Handler                         0x000003e3   Thumb Code     2  startup_tm4c123.o(.text)
    WTIMER4A_Handler                         0x000003e5   Thumb Code     2  startup_tm4c123.o(.text)
    WTIMER4B_Handler                         0x000003e7   Thumb Code     2  startup_tm4c123.o(.text)
    WTIMER5A_Handler                         0x000003e9   Thumb Code     2  startup_tm4c123.o(.text)
    WTIMER5B_Handler                         0x000003eb   Thumb Code     2  startup_tm4c123.o(.text)
    FPU_Handler                              0x000003ed   Thumb Code     2  startup_tm4c123.o(.text)
    I2C4_Handler                             0x000003ef   Thumb Code     2  startup_tm4c123.o(.text)
    I2C5_Handler                             0x000003f1   Thumb Code     2  startup_tm4c123.o(.text)
    GPIOM_Handler                            0x000003f3   Thumb Code     2  startup_tm4c123.o(.text)
    GPION_Handler                            0x000003f5   Thumb Code     2  startup_tm4c123.o(.text)
    QEI2_Handler                             0x000003f7   Thumb Code     2  startup_tm4c123.o(.text)
    GPIOP0_Handler                           0x000003f9   Thumb Code     2  startup_tm4c123.o(.text)
    GPIOP1_Handler                           0x000003fb   Thumb Code     2  startup_tm4c123.o(.text)
    GPIOP2_Handler                           0x000003fd   Thumb Code     2  startup_tm4c123.o(.text)
    GPIOP3_Handler                           0x000003ff   Thumb Code     2  startup_tm4c123.o(.text)
    GPIOP4_Handler                           0x00000401   Thumb Code     2  startup_tm4c123.o(.text)
    GPIOP5_Handler                           0x00000403   Thumb Code     2  startup_tm4c123.o(.text)
    GPIOP6_Handler                           0x00000405   Thumb Code     2  startup_tm4c123.o(.text)
    GPIOP7_Handler                           0x00000407   Thumb Code     2  startup_tm4c123.o(.text)
    GPIOQ0_Handler                           0x00000409   Thumb Code     2  startup_tm4c123.o(.text)
    GPIOQ1_Handler                           0x0000040b   Thumb Code     2  startup_tm4c123.o(.text)
    GPIOQ2_Handler                           0x0000040d   Thumb Code     2  startup_tm4c123.o(.text)
    GPIOQ3_Handler                           0x0000040f   Thumb Code     2  startup_tm4c123.o(.text)
    GPIOQ4_Handler                           0x00000411   Thumb Code     2  startup_tm4c123.o(.text)
    GPIOQ5_Handler                           0x00000413   Thumb Code     2  startup_tm4c123.o(.text)
    GPIOQ6_Handler                           0x00000415   Thumb Code     2  startup_tm4c123.o(.text)
    GPIOQ7_Handler                           0x00000417   Thumb Code     2  startup_tm4c123.o(.text)
    GPIOR_Handler                            0x00000419   Thumb Code     2  startup_tm4c123.o(.text)
    GPIOS_Handler                            0x0000041b   Thumb Code     2  startup_tm4c123.o(.text)
    PMW1_0_Handler                           0x0000041d   Thumb Code     2  startup_tm4c123.o(.text)
    PWM1_1_Handler                           0x0000041f   Thumb Code     2  startup_tm4c123.o(.text)
    PWM1_2_Handler                           0x00000421   Thumb Code     2  startup_tm4c123.o(.text)
    PWM1_3_Handler                           0x00000423   Thumb Code     2  startup_tm4c123.o(.text)
    PWM1_FAULT_Handler                       0x00000425   Thumb Code     2  startup_tm4c123.o(.text)
    __user_initial_stackheap                 0x00000429   Thumb Code     0  startup_tm4c123.o(.text)
    SystemInit                               0x00000449   Thumb Code     2  main.o(.text)
    main                                     0x0000044b   Thumb Code    14  main.o(.text)
    printResult                              0x00000459   Thumb Code    44  calculations.o(.text)
    add                                      0x00000485   Thumb Code    58  calculations.o(.text)
    sub                                      0x000004bf   Thumb Code    58  calculations.o(.text)
    mult                                     0x000004f9   Thumb Code    58  calculations.o(.text)
    divide                                   0x00000533   Thumb Code    58  calculations.o(.text)
    LCD_Calc                                 0x0000056d   Thumb Code    76  calculations.o(.text)
    calculate                                0x000005b9   Thumb Code  1116  calculations.o(.text)
    LCD_command                              0x00000a3d   Thumb Code    60  lcd.o(.text)
    LCD_Init                                 0x00000a79   Thumb Code   172  lcd.o(.text)
    LCD_data                                 0x00000b25   Thumb Code    48  lcd.o(.text)
    LCD_printInt                             0x00000b55   Thumb Code    42  lcd.o(.text)
    LCD_printdouble                          0x00000b7f   Thumb Code    86  lcd.o(.text)
    LCD_printString                          0x00000bd5   Thumb Code    30  lcd.o(.text)
    setRow                                   0x00000bf3   Thumb Code    56  lcd.o(.text)
    delay_milli                              0x00000c4d   Thumb Code    26  delay.o(.text)
    delay_micro                              0x00000c67   Thumb Code    22  delay.o(.text)
    scanKeypad                               0x00000c7d   Thumb Code    16  calculatorbase.o(.text)
    getStarted                               0x00000c8d   Thumb Code    28  calculatorbase.o(.text)
    store                                    0x00000ca9   Thumb Code    34  calculatorbase.o(.text)
    memfinalize                              0x00000ccb   Thumb Code   198  calculatorbase.o(.text)
    menu                                     0x00000da5   Thumb Code    44  calculator.o(.text)
    calculator_Init                          0x00000dd1   Thumb Code    12  calculator.o(.text)
    Init_Keypad                              0x00000e09   Thumb Code   132  keypad.o(.text)
    getKey                                   0x00000e8d   Thumb Code    72  keypad.o(.text)
    malloc                                   0x00000ef9   Thumb Code    94  h1_alloc.o(.text)
    free                                     0x00000f57   Thumb Code    78  h1_free.o(.text)
    __2sprintf                               0x00000fa5   Thumb Code    38  __2sprintf.o(.text)
    __2snprintf                              0x00000fd1   Thumb Code    50  __2snprintf.o(.text)
    __printf                                 0x00001009   Thumb Code   104  __printf.o(.text)
    _printf_int_dec                          0x00001071   Thumb Code   102  _printf_dec.o(.text)
    __aeabi_memcpy4                          0x000010e9   Thumb Code     0  rt_memcpy_w.o(.text)
    __aeabi_memcpy8                          0x000010e9   Thumb Code     0  rt_memcpy_w.o(.text)
    __rt_memcpy_w                            0x000010e9   Thumb Code   100  rt_memcpy_w.o(.text)
    _memcpy_lastbytes_aligned                0x00001131   Thumb Code     0  rt_memcpy_w.o(.text)
    __use_two_region_memory                  0x0000114d   Thumb Code     2  heapauxi.o(.text)
    __rt_heap_escrow                         0x0000114f   Thumb Code     2  heapauxi.o(.text)
    __rt_heap_expand                         0x00001151   Thumb Code     2  heapauxi.o(.text)
    __rt_heap_descriptor                     0x00001155   Thumb Code     8  rt_heap_descriptor_intlibspace.o(.text)
    __use_no_heap                            0x0000115d   Thumb Code     2  hguard.o(.text)
    __heap$guard                             0x0000115f   Thumb Code     2  hguard.o(.text)
    _terminate_user_alloc                    0x00001161   Thumb Code     2  init_alloc.o(.text)
    _init_user_alloc                         0x00001163   Thumb Code     2  init_alloc.o(.text)
    __Heap_Full                              0x00001165   Thumb Code    34  init_alloc.o(.text)
    __Heap_Broken                            0x00001187   Thumb Code     6  init_alloc.o(.text)
    _init_alloc                              0x0000118d   Thumb Code    94  init_alloc.o(.text)
    __Heap_Initialize                        0x000011eb   Thumb Code    10  h1_init.o(.text)
    __Heap_DescSize                          0x000011f5   Thumb Code     4  h1_init.o(.text)
    _printf_int_common                       0x000011f9   Thumb Code   184  _printf_intcommon.o(.text)
    __lib_sel_fp_printf                      0x000012b1   Thumb Code     2  _printf_fp_dec.o(.text)
    _printf_fp_dec_real                      0x0000145d   Thumb Code   628  _printf_fp_dec.o(.text)
    _printf_char_common                      0x000016db   Thumb Code    32  _printf_char_common.o(.text)
    _sputc                                   0x00001701   Thumb Code    10  _sputc.o(.text)
    _snputc                                  0x0000170b   Thumb Code    16  _snputc.o(.text)
    __user_libspace                          0x0000171d   Thumb Code     8  libspace.o(.text)
    __user_perproc_libspace                  0x0000171d   Thumb Code     0  libspace.o(.text)
    __user_perthread_libspace                0x0000171d   Thumb Code     0  libspace.o(.text)
    __rt_locale                              0x00001725   Thumb Code     8  rt_locale_intlibspace.o(.text)
    __Heap_ProvideMemory                     0x0000172d   Thumb Code    52  h1_extend.o(.text)
    _ll_udiv10                               0x00001761   Thumb Code   138  lludiv10.o(.text)
    _printf_fp_infnan                        0x000017ed   Thumb Code   112  _printf_fp_infnan.o(.text)
    _btod_etento                             0x0000186d   Thumb Code   222  bigflt0.o(.text)
    __rt_SIGRTMEM                            0x00001951   Thumb Code    14  defsig_rtmem_outer.o(.text)
    __I$use$semihosting                      0x0000195f   Thumb Code     0  use_no_semi.o(.text)
    __use_no_semihosting_swi                 0x0000195f   Thumb Code     2  use_no_semi.o(.text)
    __semihosting_library_function           0x00001961   Thumb Code     0  indicate_semi.o(.text)
    __user_setup_stackheap                   0x00001961   Thumb Code    74  sys_stackheap_outer.o(.text)
    exit                                     0x000019ab   Thumb Code    12  exit.o(.text)
    __sig_exit                               0x000019b7   Thumb Code    10  defsig_exit.o(.text)
    __rt_SIGRTMEM_inner                      0x000019c1   Thumb Code    22  defsig_rtmem_inner.o(.text)
    strcmp                                   0x00001a11   Thumb Code   128  strcmpv7m.o(.text)
    _sys_exit                                0x00001a91   Thumb Code     8  sys_exit.o(.text)
    __default_signal_display                 0x00001a9d   Thumb Code    50  defsig_general.o(.text)
    _ttywrch                                 0x00001acf   Thumb Code    14  sys_wrch.o(.text)
    _btod_d2e                                0x00001add   Thumb Code    62  btod.o(CL$$btod_d2e)
    _d2e_denorm_low                          0x00001b1b   Thumb Code    70  btod.o(CL$$btod_d2e_denorm_low)
    _d2e_norm_op1                            0x00001b61   Thumb Code    96  btod.o(CL$$btod_d2e_norm_op1)
    __btod_div_common                        0x00001bc1   Thumb Code   696  btod.o(CL$$btod_div_common)
    _e2e                                     0x00001ef9   Thumb Code   198  btod.o(CL$$btod_e2e)
    _btod_ediv                               0x00001fbf   Thumb Code    40  btod.o(CL$$btod_ediv)
    _btod_emul                               0x00001fe7   Thumb Code    40  btod.o(CL$$btod_emul)
    __btod_mult_common                       0x0000200f   Thumb Code   580  btod.o(CL$$btod_mult_common)
    __ARM_fpclassify                         0x00002253   Thumb Code    48  fpclassify.o(i.__ARM_fpclassify)
    _get_lc_numeric                          0x00002285   Thumb Code    44  lc_numeric_c.o(locale$$code)
    __aeabi_dadd                             0x000022b1   Thumb Code     0  daddsub_clz.o(x$fpl$dadd)
    _dadd                                    0x000022b1   Thumb Code   332  daddsub_clz.o(x$fpl$dadd)
    __aeabi_ddiv                             0x00002401   Thumb Code     0  ddiv.o(x$fpl$ddiv)
    _ddiv                                    0x00002401   Thumb Code   552  ddiv.o(x$fpl$ddiv)
    __aeabi_i2d                              0x000026b1   Thumb Code     0  dflt_clz.o(x$fpl$dflt)
    _dflt                                    0x000026b1   Thumb Code    46  dflt_clz.o(x$fpl$dflt)
    __aeabi_dmul                             0x000026e1   Thumb Code     0  dmul.o(x$fpl$dmul)
    _dmul                                    0x000026e1   Thumb Code   332  dmul.o(x$fpl$dmul)
    __fpl_dnaninf                            0x00002835   Thumb Code   156  dnaninf.o(x$fpl$dnaninf)
    __fpl_dretinf                            0x000028d1   Thumb Code    12  dretinf.o(x$fpl$dretinf)
    __aeabi_dsub                             0x000028dd   Thumb Code     0  daddsub_clz.o(x$fpl$dsub)
    _dsub                                    0x000028dd   Thumb Code   464  daddsub_clz.o(x$fpl$dsub)
    _fp_init                                 0x00002ab1   Thumb Code    10  fpinit.o(x$fpl$fpinit)
    __fplib_config_fpu_vfp                   0x00002ab9   Thumb Code     0  fpinit.o(x$fpl$fpinit)
    __fplib_config_pureend_doubles           0x00002ab9   Thumb Code     0  fpinit.o(x$fpl$fpinit)
    _printf_fp_dec                           0x00002abb   Thumb Code     4  printf1.o(x$fpl$printf1)
    __I$use$fp                               0x00002abe   Number         0  usenofp.o(x$fpl$usenofp)
    Region$$Table$$Base                      0x00002b7c   Number         0  anon$$obj.o(Region$$Table)
    Region$$Table$$Limit                     0x00002b9c   Number         0  anon$$obj.o(Region$$Table)
    result                                   0x20000000   Data           8  calculations.o(.data)
    num1                                     0x20000008   Data           8  calculations.o(.data)
    num2                                     0x20000010   Data           8  calculations.o(.data)
    opsympo                                  0x20000018   Data           1  calculations.o(.data)
    addition                                 0x20000019   Data           1  calculations.o(.data)
    subtract                                 0x2000001a   Data           1  calculations.o(.data)
    multiply                                 0x2000001b   Data           1  calculations.o(.data)
    division                                 0x2000001c   Data           1  calculations.o(.data)
    key                                      0x2000001d   Data           1  calculations.o(.data)
    doublekey                                0x20000020   Data           8  calculations.o(.data)
    memcount                                 0x20000028   Data           4  calculatorbase.o(.data)
    a                                        0x2000002c   Data           1  calculatorbase.o(.data)
    values                                   0x2000002d   Data          16  keypad.o(.data)
    mem                                      0x20000040   Data          80  calculations.o(.bss)
    __libspace_start                         0x20000090   Data          96  libspace.o(.bss)
    __temporary_stack_top$libspace           0x200000f0   Data           0  libspace.o(.bss)



==============================================================================

Memory Map of the image

  Image Entry point : 0x00000335

  Load Region LR_1 (Base: 0x00000000, Size: 0x00002bf8, Max: 0xffffffff, ABSOLUTE)

    Execution Region ER_RO (Base: 0x00000000, Size: 0x00002bb8, Max: 0xffffffff, ABSOLUTE)

    Base Addr    Size         Type   Attr      Idx    E Section Name        Object

    0x00000000   0x0000026c   Data   RO            3    RESET               startup_tm4c123.o
    0x0000026c   0x00000008   Code   RO          241  * !!!main             c_w.l(__main.o)
    0x00000274   0x00000034   Code   RO          520    !!!scatter          c_w.l(__scatter.o)
    0x000002a8   0x0000001a   Code   RO          522    !!handler_copy      c_w.l(__scatter_copy.o)
    0x000002c2   0x00000002   PAD
    0x000002c4   0x0000001c   Code   RO          524    !!handler_zi        c_w.l(__scatter_zi.o)
    0x000002e0   0x00000000   Code   RO          236    .ARM.Collect$$_printf_percent$$00000000  c_w.l(_printf_percent.o)
    0x000002e0   0x00000006   Code   RO          235    .ARM.Collect$$_printf_percent$$00000003  c_w.l(_printf_f.o)
    0x000002e6   0x00000006   Code   RO          234    .ARM.Collect$$_printf_percent$$00000009  c_w.l(_printf_d.o)
    0x000002ec   0x00000004   Code   RO          301    .ARM.Collect$$_printf_percent$$00000017  c_w.l(_printf_percent_end.o)
    0x000002f0   0x00000002   Code   RO          460    .ARM.Collect$$libinit$$00000000  c_w.l(libinit.o)
    0x000002f2   0x00000004   Code   RO          304    .ARM.Collect$$libinit$$00000001  c_w.l(libinit2.o)
    0x000002f6   0x00000008   Code   RO          306    .ARM.Collect$$libinit$$00000003  c_w.l(libinit2.o)
    0x000002fe   0x00000000   Code   RO          308    .ARM.Collect$$libinit$$00000008  c_w.l(libinit2.o)
    0x000002fe   0x00000000   Code   RO          310    .ARM.Collect$$libinit$$0000000A  c_w.l(libinit2.o)
    0x000002fe   0x00000000   Code   RO          312    .ARM.Collect$$libinit$$0000000C  c_w.l(libinit2.o)
    0x000002fe   0x00000006   Code   RO          313    .ARM.Collect$$libinit$$0000000D  c_w.l(libinit2.o)
    0x00000304   0x00000000   Code   RO          315    .ARM.Collect$$libinit$$0000000F  c_w.l(libinit2.o)
    0x00000304   0x00000000   Code   RO          317    .ARM.Collect$$libinit$$00000011  c_w.l(libinit2.o)
    0x00000304   0x00000000   Code   RO          319    .ARM.Collect$$libinit$$00000013  c_w.l(libinit2.o)
    0x00000304   0x0000000a   Code   RO          320    .ARM.Collect$$libinit$$00000014  c_w.l(libinit2.o)
    0x0000030e   0x00000000   Code   RO          321    .ARM.Collect$$libinit$$00000015  c_w.l(libinit2.o)
    0x0000030e   0x00000000   Code   RO          323    .ARM.Collect$$libinit$$00000017  c_w.l(libinit2.o)
    0x0000030e   0x00000000   Code   RO          325    .ARM.Collect$$libinit$$00000019  c_w.l(libinit2.o)
    0x0000030e   0x00000000   Code   RO          327    .ARM.Collect$$libinit$$0000001B  c_w.l(libinit2.o)
    0x0000030e   0x00000000   Code   RO          329    .ARM.Collect$$libinit$$0000001D  c_w.l(libinit2.o)
    0x0000030e   0x00000000   Code   RO          331    .ARM.Collect$$libinit$$0000001F  c_w.l(libinit2.o)
    0x0000030e   0x00000000   Code   RO          333    .ARM.Collect$$libinit$$00000021  c_w.l(libinit2.o)
    0x0000030e   0x00000000   Code   RO          335    .ARM.Collect$$libinit$$00000023  c_w.l(libinit2.o)
    0x0000030e   0x00000000   Code   RO          339    .ARM.Collect$$libinit$$0000002A  c_w.l(libinit2.o)
    0x0000030e   0x00000000   Code   RO          341    .ARM.Collect$$libinit$$0000002C  c_w.l(libinit2.o)
    0x0000030e   0x00000000   Code   RO          343    .ARM.Collect$$libinit$$0000002E  c_w.l(libinit2.o)
    0x0000030e   0x00000000   Code   RO          345    .ARM.Collect$$libinit$$00000030  c_w.l(libinit2.o)
    0x0000030e   0x00000002   Code   RO          346    .ARM.Collect$$libinit$$00000031  c_w.l(libinit2.o)
    0x00000310   0x00000002   Code   RO          517    .ARM.Collect$$libshutdown$$00000000  c_w.l(libshutdown.o)
    0x00000312   0x00000000   Code   RO          475    .ARM.Collect$$libshutdown$$00000003  c_w.l(libshutdown2.o)
    0x00000312   0x00000000   Code   RO          478    .ARM.Collect$$libshutdown$$00000006  c_w.l(libshutdown2.o)
    0x00000312   0x00000000   Code   RO          481    .ARM.Collect$$libshutdown$$00000009  c_w.l(libshutdown2.o)
    0x00000312   0x00000000   Code   RO          483    .ARM.Collect$$libshutdown$$0000000B  c_w.l(libshutdown2.o)
    0x00000312   0x00000000   Code   RO          486    .ARM.Collect$$libshutdown$$0000000E  c_w.l(libshutdown2.o)
    0x00000312   0x00000002   Code   RO          487    .ARM.Collect$$libshutdown$$0000000F  c_w.l(libshutdown2.o)
    0x00000314   0x00000000   Code   RO          265    .ARM.Collect$$rtentry$$00000000  c_w.l(rtentry.o)
    0x00000314   0x00000000   Code   RO          358    .ARM.Collect$$rtentry$$00000002  c_w.l(rtentry2.o)
    0x00000314   0x00000006   Code   RO          370    .ARM.Collect$$rtentry$$00000004  c_w.l(rtentry4.o)
    0x0000031a   0x00000000   Code   RO          360    .ARM.Collect$$rtentry$$00000009  c_w.l(rtentry2.o)
    0x0000031a   0x00000004   Code   RO          361    .ARM.Collect$$rtentry$$0000000A  c_w.l(rtentry2.o)
    0x0000031e   0x00000000   Code   RO          363    .ARM.Collect$$rtentry$$0000000C  c_w.l(rtentry2.o)
    0x0000031e   0x00000008   Code   RO          364    .ARM.Collect$$rtentry$$0000000D  c_w.l(rtentry2.o)
    0x00000326   0x00000002   Code   RO          463    .ARM.Collect$$rtexit$$00000000  c_w.l(rtexit.o)
    0x00000328   0x00000000   Code   RO          491    .ARM.Collect$$rtexit$$00000002  c_w.l(rtexit2.o)
    0x00000328   0x00000004   Code   RO          492    .ARM.Collect$$rtexit$$00000003  c_w.l(rtexit2.o)
    0x0000032c   0x00000006   Code   RO          493    .ARM.Collect$$rtexit$$00000004  c_w.l(rtexit2.o)
    0x00000332   0x00000002   PAD
    0x00000334   0x00000000   Code   RO          379    .emb_text           c_w.l(maybetermalloc1.o)
    0x00000334   0x00000114   Code   RO            4  * .text               startup_tm4c123.o
    0x00000448   0x00000010   Code   RO           10    .text               main.o
    0x00000458   0x000005e4   Code   RO           51    .text               calculations.o
    0x00000a3c   0x00000210   Code   RO           70    .text               lcd.o
    0x00000c4c   0x00000030   Code   RO           82    .text               delay.o
    0x00000c7c   0x00000128   Code   RO           94    .text               calculatorbase.o
    0x00000da4   0x00000064   Code   RO          111    .text               calculator.o
    0x00000e08   0x000000f0   Code   RO          123    .text               keypad.o
    0x00000ef8   0x0000005e   Code   RO          144    .text               c_w.l(h1_alloc.o)
    0x00000f56   0x0000004e   Code   RO          146    .text               c_w.l(h1_free.o)
    0x00000fa4   0x0000002c   Code   RO          202    .text               c_w.l(__2sprintf.o)
    0x00000fd0   0x00000038   Code   RO          204    .text               c_w.l(__2snprintf.o)
    0x00001008   0x00000068   Code   RO          210    .text               c_w.l(__printf.o)
    0x00001070   0x00000078   Code   RO          212    .text               c_w.l(_printf_dec.o)
    0x000010e8   0x00000064   Code   RO          237    .text               c_w.l(rt_memcpy_w.o)
    0x0000114c   0x00000006   Code   RO          239    .text               c_w.l(heapauxi.o)
    0x00001152   0x00000002   PAD
    0x00001154   0x00000008   Code   RO          269    .text               c_w.l(rt_heap_descriptor_intlibspace.o)
    0x0000115c   0x00000004   Code   RO          271    .text               c_w.l(hguard.o)
    0x00001160   0x0000008a   Code   RO          273    .text               c_w.l(init_alloc.o)
    0x000011ea   0x0000000e   Code   RO          277    .text               c_w.l(h1_init.o)
    0x000011f8   0x000000b8   Code   RO          291    .text               c_w.l(_printf_intcommon.o)
    0x000012b0   0x00000420   Code   RO          293    .text               c_w.l(_printf_fp_dec.o)
    0x000016d0   0x00000030   Code   RO          295    .text               c_w.l(_printf_char_common.o)
    0x00001700   0x0000000a   Code   RO          297    .text               c_w.l(_sputc.o)
    0x0000170a   0x00000010   Code   RO          299    .text               c_w.l(_snputc.o)
    0x0000171a   0x00000002   PAD
    0x0000171c   0x00000008   Code   RO          354    .text               c_w.l(libspace.o)
    0x00001724   0x00000008   Code   RO          375    .text               c_w.l(rt_locale_intlibspace.o)
    0x0000172c   0x00000034   Code   RO          381    .text               c_w.l(h1_extend.o)
    0x00001760   0x0000008a   Code   RO          385    .text               c_w.l(lludiv10.o)
    0x000017ea   0x00000002   PAD
    0x000017ec   0x00000080   Code   RO          387    .text               c_w.l(_printf_fp_infnan.o)
    0x0000186c   0x000000e4   Code   RO          391    .text               c_w.l(bigflt0.o)
    0x00001950   0x0000000e   Code   RO          419    .text               c_w.l(defsig_rtmem_outer.o)
    0x0000195e   0x00000002   Code   RO          434    .text               c_w.l(use_no_semi.o)
    0x00001960   0x00000000   Code   RO          436    .text               c_w.l(indicate_semi.o)
    0x00001960   0x0000004a   Code   RO          437    .text               c_w.l(sys_stackheap_outer.o)
    0x000019aa   0x0000000c   Code   RO          443    .text               c_w.l(exit.o)
    0x000019b6   0x0000000a   Code   RO          445    .text               c_w.l(defsig_exit.o)
    0x000019c0   0x00000050   Code   RO          447    .text               c_w.l(defsig_rtmem_inner.o)
    0x00001a10   0x00000080   Code   RO          449    .text               c_w.l(strcmpv7m.o)
    0x00001a90   0x0000000c   Code   RO          461    .text               c_w.l(sys_exit.o)
    0x00001a9c   0x00000032   Code   RO          471    .text               c_w.l(defsig_general.o)
    0x00001ace   0x0000000e   Code   RO          488    .text               c_w.l(sys_wrch.o)
    0x00001adc   0x0000003e   Code   RO          394    CL$$btod_d2e        c_w.l(btod.o)
    0x00001b1a   0x00000046   Code   RO          396    CL$$btod_d2e_denorm_low  c_w.l(btod.o)
    0x00001b60   0x00000060   Code   RO          395    CL$$btod_d2e_norm_op1  c_w.l(btod.o)
    0x00001bc0   0x00000338   Code   RO          404    CL$$btod_div_common  c_w.l(btod.o)
    0x00001ef8   0x000000c6   Code   RO          401    CL$$btod_e2e        c_w.l(btod.o)
    0x00001fbe   0x00000028   Code   RO          398    CL$$btod_ediv       c_w.l(btod.o)
    0x00001fe6   0x00000028   Code   RO          397    CL$$btod_emul       c_w.l(btod.o)
    0x0000200e   0x00000244   Code   RO          403    CL$$btod_mult_common  c_w.l(btod.o)
    0x00002252   0x00000030   Code   RO          432    i.__ARM_fpclassify  m_wm.l(fpclassify.o)
    0x00002282   0x00000002   PAD
    0x00002284   0x0000002c   Code   RO          417    locale$$code        c_w.l(lc_numeric_c.o)
    0x000022b0   0x00000150   Code   RO          243    x$fpl$dadd          fz_wm.l(daddsub_clz.o)
    0x00002400   0x000002b0   Code   RO          250    x$fpl$ddiv          fz_wm.l(ddiv.o)
    0x000026b0   0x0000002e   Code   RO          254    x$fpl$dflt          fz_wm.l(dflt_clz.o)
    0x000026de   0x00000002   PAD
    0x000026e0   0x00000154   Code   RO          259    x$fpl$dmul          fz_wm.l(dmul.o)
    0x00002834   0x0000009c   Code   RO          347    x$fpl$dnaninf       fz_wm.l(dnaninf.o)
    0x000028d0   0x0000000c   Code   RO          349    x$fpl$dretinf       fz_wm.l(dretinf.o)
    0x000028dc   0x000001d4   Code   RO          245    x$fpl$dsub          fz_wm.l(daddsub_clz.o)
    0x00002ab0   0x0000000a   Code   RO          428    x$fpl$fpinit        fz_wm.l(fpinit.o)
    0x00002aba   0x00000004   Code   RO          261    x$fpl$printf1       fz_wm.l(printf1.o)
    0x00002abe   0x00000000   Code   RO          351    x$fpl$usenofp       fz_wm.l(usenofp.o)
    0x00002abe   0x00000002   PAD
    0x00002ac0   0x00000028   Data   RO           96    .constdata          calculatorbase.o
    0x00002ae8   0x00000094   Data   RO          392    .constdata          c_w.l(bigflt0.o)
    0x00002b7c   0x00000020   Data   RO          518    Region$$Table       anon$$obj.o
    0x00002b9c   0x0000001c   Data   RO          416    locale$$data        c_w.l(lc_numeric_c.o)


    Execution Region ER_RW (Base: 0x20000000, Size: 0x00000040, Max: 0xffffffff, ABSOLUTE)

    Base Addr    Size         Type   Attr      Idx    E Section Name        Object

    0x20000000   0x00000028   Data   RW           53    .data               calculations.o
    0x20000028   0x00000005   Data   RW           97    .data               calculatorbase.o
    0x2000002d   0x00000010   Data   RW          124    .data               keypad.o


    Execution Region ER_ZI (Base: 0x20000040, Size: 0x000002b0, Max: 0xffffffff, ABSOLUTE)

    Base Addr    Size         Type   Attr      Idx    E Section Name        Object

    0x20000040   0x00000050   Zero   RW           52    .bss                calculations.o
    0x20000090   0x00000060   Zero   RW          355    .bss                c_w.l(libspace.o)
    0x200000f0   0x00000000   Zero   RW            2    HEAP                startup_tm4c123.o
    0x200000f0   0x00000200   Zero   RW            1    STACK               startup_tm4c123.o


==============================================================================

Image component sizes


      Code (inc. data)   RO Data    RW Data    ZI Data      Debug   Object Name

      1508         88          0         40         80       3038   calculations.o
       100         44          0          0          0        543   calculator.o
       296         20         40          5          0       1784   calculatorbase.o
        48          0          0          0          0        618   delay.o
       240         36          0         16          0       1138   keypad.o
       528         34          0          0          0       1840   lcd.o
        16          0          0          0          0       2042   main.o
       276         24        620          0        512       5380   startup_tm4c123.o

    ----------------------------------------------------------------------
      3012        246        692         64        592      16383   Object Totals
         0          0         32          0          0          0   (incl. Generated)
         0          0          0          3          0          0   (incl. Padding)

    ----------------------------------------------------------------------

      Code (inc. data)   RO Data    RW Data    ZI Data      Debug   Library Member Name

        56          6          0          0          0         88   __2snprintf.o
        44          6          0          0          0         84   __2sprintf.o
         8          0          0          0          0         68   __main.o
       104          0          0          0          0         84   __printf.o
        52          8          0          0          0          0   __scatter.o
        26          0          0          0          0          0   __scatter_copy.o
        28          0          0          0          0          0   __scatter_zi.o
        48          6          0          0          0         96   _printf_char_common.o
         6          0          0          0          0          0   _printf_d.o
       120         18          0          0          0         92   _printf_dec.o
         6          0          0          0          0          0   _printf_f.o
      1056          0          0          0          0        216   _printf_fp_dec.o
       128         16          0          0          0         84   _printf_fp_infnan.o
       184          0          0          0          0         88   _printf_intcommon.o
         0          0          0          0          0          0   _printf_percent.o
         4          0          0          0          0          0   _printf_percent_end.o
        16          0          0          0          0         68   _snputc.o
        10          0          0          0          0         68   _sputc.o
       228          6        148          0          0         96   bigflt0.o
      1910        128          0          0          0        672   btod.o
        10          0          0          0          0         68   defsig_exit.o
        50          0          0          0          0         88   defsig_general.o
        80         58          0          0          0         76   defsig_rtmem_inner.o
        14          0          0          0          0         80   defsig_rtmem_outer.o
        12          0          0          0          0         72   exit.o
        94          0          0          0          0         80   h1_alloc.o
        52          0          0          0          0         68   h1_extend.o
        78          0          0          0          0         80   h1_free.o
        14          0          0          0          0         84   h1_init.o
         6          0          0          0          0        152   heapauxi.o
         4          0          0          0          0        136   hguard.o
         0          0          0          0          0          0   indicate_semi.o
       138          0          0          0          0        168   init_alloc.o
        44         10         28          0          0         76   lc_numeric_c.o
         2          0          0          0          0          0   libinit.o
        30          0          0          0          0          0   libinit2.o
         2          0          0          0          0          0   libshutdown.o
         2          0          0          0          0          0   libshutdown2.o
         8          4          0          0         96         68   libspace.o
       138          0          0          0          0         80   lludiv10.o
         0          0          0          0          0          0   maybetermalloc1.o
         8          4          0          0          0         68   rt_heap_descriptor_intlibspace.o
         8          4          0          0          0         68   rt_locale_intlibspace.o
       100          0          0          0          0         80   rt_memcpy_w.o
         0          0          0          0          0          0   rtentry.o
        12          0          0          0          0          0   rtentry2.o
         6          0          0          0          0          0   rtentry4.o
         2          0          0          0          0          0   rtexit.o
        10          0          0          0          0          0   rtexit2.o
       128          0          0          0          0         68   strcmpv7m.o
        12          4          0          0          0         68   sys_exit.o
        74          0          0          0          0         80   sys_stackheap_outer.o
        14          0          0          0          0         76   sys_wrch.o
         2          0          0          0          0         68   use_no_semi.o
       804         16          0          0          0        368   daddsub_clz.o
       688        140          0          0          0        256   ddiv.o
        46          0          0          0          0        116   dflt_clz.o
       340         12          0          0          0        152   dmul.o
       156          4          0          0          0        140   dnaninf.o
        12          0          0          0          0        116   dretinf.o
        10          0          0          0          0        116   fpinit.o
         4          0          0          0          0        116   printf1.o
         0          0          0          0          0          0   usenofp.o
        48          0          0          0          0        124   fpclassify.o

    ----------------------------------------------------------------------
      7312        450        176          0         96       5260   Library Totals
        16          0          0          0          0          0   (incl. Padding)

    ----------------------------------------------------------------------

      Code (inc. data)   RO Data    RW Data    ZI Data      Debug   Library Name

      5188        278        176          0         96       3756   c_w.l
      2060        172          0          0          0       1380   fz_wm.l
        48          0          0          0          0        124   m_wm.l

    ----------------------------------------------------------------------
      7312        450        176          0         96       5260   Library Totals

    ----------------------------------------------------------------------

==============================================================================


      Code (inc. data)   RO Data    RW Data    ZI Data      Debug   

     10324        696        868         64        688      17907   Grand Totals
     10324        696        868         64        688      17907   ELF Image Totals
     10324        696        868         64          0          0   ROM Totals

==============================================================================

    Total RO  Size (Code + RO Data)                11192 (  10.93kB)
    Total RW  Size (RW Data + ZI Data)               752 (   0.73kB)
    Total ROM Size (Code + RO Data + RW Data)      11256 (  10.99kB)

==============================================================================

